Archive member included to satisfy reference by file (symbol)

/usr/lib/gcc/arm-none-eabi/12.2.1/../../../arm-none-eabi/lib/thumb/v7e-m/nofp/libg.a(lib_a-atexit.o)
                              /usr/lib/gcc/arm-none-eabi/12.2.1/../../../arm-none-eabi/lib/thumb/v7e-m/nofp/crt0.o (atexit)
/usr/lib/gcc/arm-none-eabi/12.2.1/../../../arm-none-eabi/lib/thumb/v7e-m/nofp/libg.a(lib_a-errno.o)
                              CMakeFiles/base-project.elf.dir/Src/syscalls.c.obj (__errno)
/usr/lib/gcc/arm-none-eabi/12.2.1/../../../arm-none-eabi/lib/thumb/v7e-m/nofp/libg.a(lib_a-exit.o)
                              /usr/lib/gcc/arm-none-eabi/12.2.1/../../../arm-none-eabi/lib/thumb/v7e-m/nofp/crt0.o (exit)
/usr/lib/gcc/arm-none-eabi/12.2.1/../../../arm-none-eabi/lib/thumb/v7e-m/nofp/libg.a(lib_a-fini.o)
                              /usr/lib/gcc/arm-none-eabi/12.2.1/../../../arm-none-eabi/lib/thumb/v7e-m/nofp/crt0.o (__libc_fini_array)
/usr/lib/gcc/arm-none-eabi/12.2.1/../../../arm-none-eabi/lib/thumb/v7e-m/nofp/libg.a(lib_a-impure.o)
                              /usr/lib/gcc/arm-none-eabi/12.2.1/../../../arm-none-eabi/lib/thumb/v7e-m/nofp/libg.a(lib_a-exit.o) (_global_impure_ptr)
/usr/lib/gcc/arm-none-eabi/12.2.1/../../../arm-none-eabi/lib/thumb/v7e-m/nofp/libg.a(lib_a-init.o)
                              /usr/lib/gcc/arm-none-eabi/12.2.1/../../../arm-none-eabi/lib/thumb/v7e-m/nofp/crt0.o (__libc_init_array)
/usr/lib/gcc/arm-none-eabi/12.2.1/../../../arm-none-eabi/lib/thumb/v7e-m/nofp/libg.a(lib_a-memset.o)
                              /usr/lib/gcc/arm-none-eabi/12.2.1/../../../arm-none-eabi/lib/thumb/v7e-m/nofp/crt0.o (memset)
/usr/lib/gcc/arm-none-eabi/12.2.1/../../../arm-none-eabi/lib/thumb/v7e-m/nofp/libg.a(lib_a-__atexit.o)
                              /usr/lib/gcc/arm-none-eabi/12.2.1/../../../arm-none-eabi/lib/thumb/v7e-m/nofp/libg.a(lib_a-atexit.o) (__register_exitproc)
/usr/lib/gcc/arm-none-eabi/12.2.1/../../../arm-none-eabi/lib/thumb/v7e-m/nofp/libg.a(lib_a-__call_atexit.o)
                              /usr/lib/gcc/arm-none-eabi/12.2.1/../../../arm-none-eabi/lib/thumb/v7e-m/nofp/libg.a(lib_a-exit.o) (__call_exitprocs)

Discarded input sections

 .text          0x0000000000000000        0x0 /usr/lib/gcc/arm-none-eabi/12.2.1/thumb/v7e-m/nofp/crti.o
 .data          0x0000000000000000        0x0 /usr/lib/gcc/arm-none-eabi/12.2.1/thumb/v7e-m/nofp/crti.o
 .bss           0x0000000000000000        0x0 /usr/lib/gcc/arm-none-eabi/12.2.1/thumb/v7e-m/nofp/crti.o
 .data          0x0000000000000000        0x4 /usr/lib/gcc/arm-none-eabi/12.2.1/thumb/v7e-m/nofp/crtbegin.o
 .rodata        0x0000000000000000       0x24 /usr/lib/gcc/arm-none-eabi/12.2.1/thumb/v7e-m/nofp/crtbegin.o
 .text          0x0000000000000000       0x70 /usr/lib/gcc/arm-none-eabi/12.2.1/../../../arm-none-eabi/lib/thumb/v7e-m/nofp/crt0.o
 .data          0x0000000000000000        0x0 /usr/lib/gcc/arm-none-eabi/12.2.1/../../../arm-none-eabi/lib/thumb/v7e-m/nofp/crt0.o
 .bss           0x0000000000000000        0x0 /usr/lib/gcc/arm-none-eabi/12.2.1/../../../arm-none-eabi/lib/thumb/v7e-m/nofp/crt0.o
 .ARM.extab     0x0000000000000000        0x0 /usr/lib/gcc/arm-none-eabi/12.2.1/../../../arm-none-eabi/lib/thumb/v7e-m/nofp/crt0.o
 .ARM.exidx     0x0000000000000000       0x10 /usr/lib/gcc/arm-none-eabi/12.2.1/../../../arm-none-eabi/lib/thumb/v7e-m/nofp/crt0.o
 .debug_line    0x0000000000000000       0x87 /usr/lib/gcc/arm-none-eabi/12.2.1/../../../arm-none-eabi/lib/thumb/v7e-m/nofp/crt0.o
 .debug_info    0x0000000000000000       0x26 /usr/lib/gcc/arm-none-eabi/12.2.1/../../../arm-none-eabi/lib/thumb/v7e-m/nofp/crt0.o
 .debug_abbrev  0x0000000000000000       0x14 /usr/lib/gcc/arm-none-eabi/12.2.1/../../../arm-none-eabi/lib/thumb/v7e-m/nofp/crt0.o
 .debug_aranges
                0x0000000000000000       0x20 /usr/lib/gcc/arm-none-eabi/12.2.1/../../../arm-none-eabi/lib/thumb/v7e-m/nofp/crt0.o
 .debug_str     0x0000000000000000       0x95 /usr/lib/gcc/arm-none-eabi/12.2.1/../../../arm-none-eabi/lib/thumb/v7e-m/nofp/crt0.o
 .ARM.attributes
                0x0000000000000000       0x1c /usr/lib/gcc/arm-none-eabi/12.2.1/../../../arm-none-eabi/lib/thumb/v7e-m/nofp/crt0.o
 .text          0x0000000000000000        0x0 CMakeFiles/base-project.elf.dir/Drivers/STM32F3xx_HAL_Driver/Src/stm32f3xx_hal.c.obj
 .data          0x0000000000000000        0x0 CMakeFiles/base-project.elf.dir/Drivers/STM32F3xx_HAL_Driver/Src/stm32f3xx_hal.c.obj
 .bss           0x0000000000000000        0x0 CMakeFiles/base-project.elf.dir/Drivers/STM32F3xx_HAL_Driver/Src/stm32f3xx_hal.c.obj
 .text.HAL_MspInit
                0x0000000000000000        0x2 CMakeFiles/base-project.elf.dir/Drivers/STM32F3xx_HAL_Driver/Src/stm32f3xx_hal.c.obj
 .text.HAL_MspDeInit
                0x0000000000000000        0x2 CMakeFiles/base-project.elf.dir/Drivers/STM32F3xx_HAL_Driver/Src/stm32f3xx_hal.c.obj
 .text.HAL_DeInit
[...]
Memory Configuration

Name             Origin             Length             Attributes
CCMRAM           0x0000000010000000 0x0000000000004000 xrw
RAM              0x0000000020000000 0x0000000000010000 xrw
FLASH            0x0000000008000000 0x0000000000080000 xr
*default*        0x0000000000000000 0xffffffffffffffff

Linker script and memory map

LOAD /usr/lib/gcc/arm-none-eabi/12.2.1/thumb/v7e-m/nofp/crti.o
LOAD /usr/lib/gcc/arm-none-eabi/12.2.1/thumb/v7e-m/nofp/crtbegin.o
LOAD /usr/lib/gcc/arm-none-eabi/12.2.1/../../../arm-none-eabi/lib/thumb/v7e-m/nofp/crt0.o
LOAD CMakeFiles/base-project.elf.dir/Drivers/STM32F3xx_HAL_Driver/Src/stm32f3xx_hal.c.obj
LOAD CMakeFiles/base-project.elf.dir/Drivers/STM32F3xx_HAL_Driver/Src/stm32f3xx_hal_cortex.c.obj
LOAD CMakeFiles/base-project.elf.dir/Drivers/STM32F3xx_HAL_Driver/Src/stm32f3xx_hal_dma.c.obj
LOAD CMakeFiles/base-project.elf.dir/Drivers/STM32F3xx_HAL_Driver/Src/stm32f3xx_hal_exti.c.obj
LOAD CMakeFiles/base-project.elf.dir/Drivers/STM32F3xx_HAL_Driver/Src/stm32f3xx_hal_flash.c.obj
LOAD CMakeFiles/base-project.elf.dir/Drivers/STM32F3xx_HAL_Driver/Src/stm32f3xx_hal_flash_ex.c.obj
LOAD CMakeFiles/base-project.elf.dir/Drivers/STM32F3xx_HAL_Driver/Src/stm32f3xx_hal_gpio.c.obj
LOAD CMakeFiles/base-project.elf.dir/Drivers/STM32F3xx_HAL_Driver/Src/stm32f3xx_hal_i2c.c.obj
LOAD CMakeFiles/base-project.elf.dir/Drivers/STM32F3xx_HAL_Driver/Src/stm32f3xx_hal_i2c_ex.c.obj
LOAD CMakeFiles/base-project.elf.dir/Drivers/STM32F3xx_HAL_Driver/Src/stm32f3xx_hal_pwr.c.obj
LOAD CMakeFiles/base-project.elf.dir/Drivers/STM32F3xx_HAL_Driver/Src/stm32f3xx_hal_pwr_ex.c.obj
LOAD CMakeFiles/base-project.elf.dir/Drivers/STM32F3xx_HAL_Driver/Src/stm32f3xx_hal_rcc.c.obj
LOAD CMakeFiles/base-project.elf.dir/Drivers/STM32F3xx_HAL_Driver/Src/stm32f3xx_hal_rcc_ex.c.obj
LOAD CMakeFiles/base-project.elf.dir/Drivers/STM32F3xx_HAL_Driver/Src/stm32f3xx_hal_tim.c.obj
LOAD CMakeFiles/base-project.elf.dir/Drivers/STM32F3xx_HAL_Driver/Src/stm32f3xx_hal_tim_ex.c.obj
LOAD CMakeFiles/base-project.elf.dir/Src/main.c.obj
LOAD CMakeFiles/base-project.elf.dir/Src/stm32f3xx_hal_msp.c.obj
LOAD CMakeFiles/base-project.elf.dir/Src/stm32f3xx_it.c.obj
LOAD CMakeFiles/base-project.elf.dir/Src/syscalls.c.obj
LOAD CMakeFiles/base-project.elf.dir/Src/sysmem.c.obj
LOAD CMakeFiles/base-project.elf.dir/Src/system_stm32f3xx.c.obj
LOAD CMakeFiles/base-project.elf.dir/Startup/startup_stm32f303retx.s.obj
START GROUP
LOAD /usr/lib/gcc/arm-none-eabi/12.2.1/thumb/v7e-m/nofp/libgcc.a
LOAD /usr/lib/gcc/arm-none-eabi/12.2.1/../../../arm-none-eabi/lib/thumb/v7e-m/nofp/libg.a
LOAD /usr/lib/gcc/arm-none-eabi/12.2.1/../../../arm-none-eabi/lib/thumb/v7e-m/nofp/libc.a
END GROUP
LOAD /usr/lib/gcc/arm-none-eabi/12.2.1/thumb/v7e-m/nofp/crtend.o
LOAD /usr/lib/gcc/arm-none-eabi/12.2.1/thumb/v7e-m/nofp/crtn.o
                0x0000000020010000                _estack = (ORIGIN (RAM) + LENGTH (RAM))
                0x0000000000000200                _Min_Heap_Size = 0x200
                0x0000000000000400                _Min_Stack_Size = 0x400

.isr_vector     0x0000000008000000      0x194
                0x0000000008000000                . = ALIGN (0x4)
 *(.isr_vector)
 .isr_vector    0x0000000008000000      0x194 CMakeFiles/base-project.elf.dir/Startup/startup_stm32f303retx.s.obj
                0x0000000008000000                g_pfnVectors
                0x0000000008000194                . = ALIGN (0x4)

.text           0x0000000008000194      0xd08
                0x0000000008000194                . = ALIGN (0x4)
 *(.text)
 .text          0x0000000008000194       0x88 /usr/lib/gcc/arm-none-eabi/12.2.1/thumb/v7e-m/nofp/crtbegin.o
 .text          0x000000000800021c        0xc /usr/lib/gcc/arm-none-eabi/12.2.1/../../../arm-none-eabi/lib/thumb/v7e-m/nofp/libg.a(lib_a-atexit.o)
                0x000000000800021c                atexit
 .text          0x0000000008000228       0x2c /usr/lib/gcc/arm-none-eabi/12.2.1/../../../arm-none-eabi/lib/thumb/v7e-m/nofp/libg.a(lib_a-fini.o)
                0x0000000008000228                __libc_fini_array
 .text          0x0000000008000254       0x48 /usr/lib/gcc/arm-none-eabi/12.2.1/../../../arm-none-eabi/lib/thumb/v7e-m/nofp/libg.a(lib_a-init.o)
                0x0000000008000254                __libc_init_array
 .text          0x000000000800029c       0xa4 /usr/lib/gcc/arm-none-eabi/12.2.1/../../../arm-none-eabi/lib/thumb/v7e-m/nofp/libg.a(lib_a-memset.o)
                0x000000000800029c                memset
 .text          0x0000000008000340       0x68 /usr/lib/gcc/arm-none-eabi/12.2.1/../../../arm-none-eabi/lib/thumb/v7e-m/nofp/libg.a(lib_a-__atexit.o)
                0x0000000008000340                __register_exitproc
 *(.text*)
 .text.HAL_InitTick
                0x00000000080003a8       0x4c CMakeFiles/base-project.elf.dir/Drivers/STM32F3xx_HAL_Driver/Src/stm32f3xx_hal.c.obj
                0x00000000080003a8                HAL_InitTick
 .text.HAL_Init
                0x00000000080003f4       0x24 CMakeFiles/base-project.elf.dir/Drivers/STM32F3xx_HAL_Driver/Src/stm32f3xx_hal.c.obj
                0x00000000080003f4                HAL_Init
 .text.HAL_IncTick
                0x0000000008000418       0x18 CMakeFiles/base-project.elf.dir/Drivers/STM32F3xx_HAL_Driver/Src/stm32f3xx_hal.c.obj
                0x0000000008000418                HAL_IncTick
 .text.HAL_GetTick
                0x0000000008000430        0xc CMakeFiles/base-project.elf.dir/Drivers/STM32F3xx_HAL_Driver/Src/stm32f3xx_hal.c.obj
                0x0000000008000430                HAL_GetTick
 .text.__NVIC_SetPriority
                0x000000000800043c       0x28 CMakeFiles/base-project.elf.dir/Drivers/STM32F3xx_HAL_Driver/Src/stm32f3xx_hal_cortex.c.obj
 .text.NVIC_EncodePriority
                0x0000000008000464       0x3e CMakeFiles/base-project.elf.dir/Drivers/STM32F3xx_HAL_Driver/Src/stm32f3xx_hal_cortex.c.obj
 *fill*         0x00000000080004a2        0x2 
 .text.HAL_NVIC_SetPriorityGrouping
                0x00000000080004a4       0x24 CMakeFiles/base-project.elf.dir/Drivers/STM32F3xx_HAL_Driver/Src/stm32f3xx_hal_cortex.c.obj
                0x00000000080004a4                HAL_NVIC_SetPriorityGrouping
 .text.HAL_NVIC_SetPriority
                0x00000000080004c8       0x20 CMakeFiles/base-project.elf.dir/Drivers/STM32F3xx_HAL_Driver/Src/stm32f3xx_hal_cortex.c.obj
                0x00000000080004c8                HAL_NVIC_SetPriority
 .text.HAL_SYSTICK_Config
                0x00000000080004e8       0x28 CMakeFiles/base-project.elf.dir/Drivers/STM32F3xx_HAL_Driver/Src/stm32f3xx_hal_cortex.c.obj
                0x00000000080004e8                HAL_SYSTICK_Config
 .text.HAL_RCC_OscConfig
                0x0000000008000510      0x644 CMakeFiles/base-project.elf.dir/Drivers/STM32F3xx_HAL_Driver/Src/stm32f3xx_hal_rcc.c.obj
                0x0000000008000510                HAL_RCC_OscConfig
 .text.HAL_RCC_GetSysClockFreq
                0x0000000008000b54       0x70 CMakeFiles/base-project.elf.dir/Drivers/STM32F3xx_HAL_Driver/Src/stm32f3xx_hal_rcc.c.obj
                0x0000000008000b54                HAL_RCC_GetSysClockFreq
 .text.HAL_RCC_ClockConfig
                0x0000000008000bc4      0x1a8 CMakeFiles/base-project.elf.dir/Drivers/STM32F3xx_HAL_Driver/Src/stm32f3xx_hal_rcc.c.obj
                0x0000000008000bc4                HAL_RCC_ClockConfig
 .text.Error_Handler
                0x0000000008000d6c        0x4 CMakeFiles/base-project.elf.dir/Src/main.c.obj
                0x0000000008000d6c                Error_Handler
 .text.SystemClock_Config
                0x0000000008000d70       0x52 CMakeFiles/base-project.elf.dir/Src/main.c.obj
                0x0000000008000d70                SystemClock_Config
 .text.main     0x0000000008000dc2        0xc CMakeFiles/base-project.elf.dir/Src/main.c.obj
                0x0000000008000dc2                main
 *fill*         0x0000000008000dce        0x2 
 .text.HAL_MspInit
                0x0000000008000dd0       0x30 CMakeFiles/base-project.elf.dir/Src/stm32f3xx_hal_msp.c.obj
                0x0000000008000dd0                HAL_MspInit
 .text.NMI_Handler
                0x0000000008000e00        0x2 CMakeFiles/base-project.elf.dir/Src/stm32f3xx_it.c.obj
                0x0000000008000e00                NMI_Handler
 .text.HardFault_Handler
                0x0000000008000e02        0x2 CMakeFiles/base-project.elf.dir/Src/stm32f3xx_it.c.obj
                0x0000000008000e02                HardFault_Handler
 .text.MemManage_Handler
                0x0000000008000e04        0x2 CMakeFiles/base-project.elf.dir/Src/stm32f3xx_it.c.obj
                0x0000000008000e04                MemManage_Handler
 .text.BusFault_Handler
                0x0000000008000e06        0x2 CMakeFiles/base-project.elf.dir/Src/stm32f3xx_it.c.obj
                0x0000000008000e06                BusFault_Handler
 .text.UsageFault_Handler
                0x0000000008000e08        0x2 CMakeFiles/base-project.elf.dir/Src/stm32f3xx_it.c.obj
                0x0000000008000e08                UsageFault_Handler
 .text.SVC_Handler
                0x0000000008000e0a        0x2 CMakeFiles/base-project.elf.dir/Src/stm32f3xx_it.c.obj
                0x0000000008000e0a                SVC_Handler
 .text.DebugMon_Handler
                0x0000000008000e0c        0x2 CMakeFiles/base-project.elf.dir/Src/stm32f3xx_it.c.obj
                0x0000000008000e0c                DebugMon_Handler
 .text.PendSV_Handler
                0x0000000008000e0e        0x2 CMakeFiles/base-project.elf.dir/Src/stm32f3xx_it.c.obj
                0x0000000008000e0e                PendSV_Handler
 .text.SysTick_Handler
                0x0000000008000e10        0x8 CMakeFiles/base-project.elf.dir/Src/stm32f3xx_it.c.obj
                0x0000000008000e10                SysTick_Handler
 .text.SystemInit
                0x0000000008000e18        0x2 CMakeFiles/base-project.elf.dir/Src/system_stm32f3xx.c.obj
                0x0000000008000e18                SystemInit
 *fill*         0x0000000008000e1a        0x2 
 .text.Reset_Handler
                0x0000000008000e1c       0x50 CMakeFiles/base-project.elf.dir/Startup/startup_stm32f303retx.s.obj
                0x0000000008000e1c                Reset_Handler
 .text.Default_Handler
                0x0000000008000e6c        0x2 CMakeFiles/base-project.elf.dir/Startup/startup_stm32f303retx.s.obj
                0x0000000008000e6c                RTC_Alarm_IRQHandler
                0x0000000008000e6c                TIM8_TRG_COM_IRQHandler
                0x0000000008000e6c                TIM8_CC_IRQHandler
                0x0000000008000e6c                SPI4_IRQHandler
                0x0000000008000e6c                TIM1_CC_IRQHandler
                0x0000000008000e6c                USB_HP_IRQHandler
                0x0000000008000e6c                PVD_IRQHandler
                0x0000000008000e6c                TAMP_STAMP_IRQHandler
                0x0000000008000e6c                EXTI3_IRQHandler
                0x0000000008000e6c                I2C3_ER_IRQHandler
                0x0000000008000e6c                USB_HP_CAN_TX_IRQHandler
                0x0000000008000e6c                EXTI0_IRQHandler
                0x0000000008000e6c                I2C2_EV_IRQHandler
                0x0000000008000e6c                FPU_IRQHandler
                0x0000000008000e6c                TIM1_UP_TIM16_IRQHandler
                0x0000000008000e6c                ADC1_2_IRQHandler
                0x0000000008000e6c                SPI1_IRQHandler
                0x0000000008000e6c                CAN_SCE_IRQHandler
                0x0000000008000e6c                TIM6_DAC_IRQHandler
                0x0000000008000e6c                TIM8_UP_IRQHandler
                0x0000000008000e6c                DMA2_Channel2_IRQHandler
                0x0000000008000e6c                DMA1_Channel4_IRQHandler
                0x0000000008000e6c                TIM20_TRG_COM_IRQHandler
                0x0000000008000e6c                USART3_IRQHandler
                0x0000000008000e6c                DMA1_Channel7_IRQHandler
                0x0000000008000e6c                UART5_IRQHandler
                0x0000000008000e6c                ADC3_IRQHandler
                0x0000000008000e6c                TIM4_IRQHandler
                0x0000000008000e6c                CAN_RX1_IRQHandler
                0x0000000008000e6c                DMA2_Channel1_IRQHandler
                0x0000000008000e6c                I2C1_EV_IRQHandler
                0x0000000008000e6c                DMA1_Channel6_IRQHandler
                0x0000000008000e6c                UART4_IRQHandler
                0x0000000008000e6c                DMA2_Channel4_IRQHandler
                0x0000000008000e6c                TIM3_IRQHandler
                0x0000000008000e6c                RCC_IRQHandler
                0x0000000008000e6c                TIM20_UP_IRQHandler
                0x0000000008000e6c                DMA1_Channel1_IRQHandler
                0x0000000008000e6c                Default_Handler
                0x0000000008000e6c                USBWakeUp_RMP_IRQHandler
                0x0000000008000e6c                EXTI15_10_IRQHandler
                0x0000000008000e6c                TIM7_IRQHandler
                0x0000000008000e6c                I2C3_EV_IRQHandler
                0x0000000008000e6c                EXTI9_5_IRQHandler
                0x0000000008000e6c                RTC_WKUP_IRQHandler
                0x0000000008000e6c                SPI2_IRQHandler
                0x0000000008000e6c                USB_LP_CAN_RX0_IRQHandler
                0x0000000008000e6c                DMA2_Channel5_IRQHandler
                0x0000000008000e6c                DMA1_Channel5_IRQHandler
                0x0000000008000e6c                USB_LP_IRQHandler
                0x0000000008000e6c                EXTI4_IRQHandler
                0x0000000008000e6c                TIM1_TRG_COM_TIM17_IRQHandler
                0x0000000008000e6c                DMA1_Channel3_IRQHandler
                0x0000000008000e6c                ADC4_IRQHandler
                0x0000000008000e6c                WWDG_IRQHandler
                0x0000000008000e6c                TIM2_IRQHandler
                0x0000000008000e6c                COMP7_IRQHandler
                0x0000000008000e6c                COMP1_2_3_IRQHandler
                0x0000000008000e6c                EXTI1_IRQHandler
                0x0000000008000e6c                USART2_IRQHandler
                0x0000000008000e6c                COMP4_5_6_IRQHandler
                0x0000000008000e6c                TIM20_BRK_IRQHandler
                0x0000000008000e6c                I2C2_ER_IRQHandler
                0x0000000008000e6c                DMA1_Channel2_IRQHandler
                0x0000000008000e6c                TIM8_BRK_IRQHandler
                0x0000000008000e6c                FLASH_IRQHandler
                0x0000000008000e6c                TIM20_CC_IRQHandler
                0x0000000008000e6c                USART1_IRQHandler
                0x0000000008000e6c                SPI3_IRQHandler
                0x0000000008000e6c                I2C1_ER_IRQHandler
                0x0000000008000e6c                FMC_IRQHandler
                0x0000000008000e6c                USBWakeUp_IRQHandler
                0x0000000008000e6c                DMA2_Channel3_IRQHandler
                0x0000000008000e6c                EXTI2_TSC_IRQHandler
                0x0000000008000e6c                TIM1_BRK_TIM15_IRQHandler
 *fill*         0x0000000008000e6e        0x2 
 .text.startup  0x0000000008000e70       0x14 /usr/lib/gcc/arm-none-eabi/12.2.1/../../../arm-none-eabi/lib/thumb/v7e-m/nofp/libg.a(lib_a-__call_atexit.o)
 *(.glue_7)
 .glue_7        0x0000000008000e84        0x0 linker stubs
 *(.glue_7t)
 .glue_7t       0x0000000008000e84        0x0 linker stubs
 *(.eh_frame)
 .eh_frame      0x0000000008000e84        0x0 /usr/lib/gcc/arm-none-eabi/12.2.1/thumb/v7e-m/nofp/crtbegin.o
 *(.init)
 .init          0x0000000008000e84        0x4 /usr/lib/gcc/arm-none-eabi/12.2.1/thumb/v7e-m/nofp/crti.o
                0x0000000008000e84                _init
 .init          0x0000000008000e88        0x8 /usr/lib/gcc/arm-none-eabi/12.2.1/thumb/v7e-m/nofp/crtn.o
 *(.fini)
 .fini          0x0000000008000e90        0x4 /usr/lib/gcc/arm-none-eabi/12.2.1/thumb/v7e-m/nofp/crti.o
                0x0000000008000e90                _fini
 .fini          0x0000000008000e94        0x8 /usr/lib/gcc/arm-none-eabi/12.2.1/thumb/v7e-m/nofp/crtn.o
                0x0000000008000e9c                . = ALIGN (0x4)
                0x0000000008000e9c                _etext = .

.vfp11_veneer   0x0000000008000e9c        0x0
 .vfp11_veneer  0x0000000008000e9c        0x0 linker stubs

.v4_bx          0x0000000008000e9c        0x0
 .v4_bx         0x0000000008000e9c        0x0 linker stubs

.iplt           0x0000000008000e9c        0x0
 .iplt          0x0000000008000e9c        0x0 /usr/lib/gcc/arm-none-eabi/12.2.1/thumb/v7e-m/nofp/crtbegin.o

.rodata         0x0000000008000e9c       0x34
                0x0000000008000e9c                . = ALIGN (0x4)
 *(.rodata)
 .rodata        0x0000000008000e9c        0x4 /usr/lib/gcc/arm-none-eabi/12.2.1/../../../arm-none-eabi/lib/thumb/v7e-m/nofp/libg.a(lib_a-impure.o)
                0x0000000008000e9c                _global_impure_ptr
 *(.rodata*)
 .rodata.aPredivFactorTable
                0x0000000008000ea0       0x10 CMakeFiles/base-project.elf.dir/Drivers/STM32F3xx_HAL_Driver/Src/stm32f3xx_hal_rcc.c.obj
 .rodata.aPLLMULFactorTable
                0x0000000008000eb0       0x10 CMakeFiles/base-project.elf.dir/Drivers/STM32F3xx_HAL_Driver/Src/stm32f3xx_hal_rcc.c.obj
 .rodata.AHBPrescTable
                0x0000000008000ec0       0x10 CMakeFiles/base-project.elf.dir/Src/system_stm32f3xx.c.obj
                0x0000000008000ec0                AHBPrescTable
                0x0000000008000ed0                . = ALIGN (0x4)

.rel.dyn        0x0000000008000ed0        0x0
 .rel.iplt      0x0000000008000ed0        0x0 /usr/lib/gcc/arm-none-eabi/12.2.1/thumb/v7e-m/nofp/crtbegin.o

.ARM.extab      0x0000000008000ed0        0x0
                0x0000000008000ed0                . = ALIGN (0x4)
 *(.ARM.extab* .gnu.linkonce.armextab.*)
                0x0000000008000ed0                . = ALIGN (0x4)

.ARM            0x0000000008000ed0        0x0
                0x0000000008000ed0                . = ALIGN (0x4)
                0x0000000008000ed0                __exidx_start = .
 *(.ARM.exidx*)
                0x0000000008000ed0                __exidx_end = .
                0x0000000008000ed0                . = ALIGN (0x4)

.preinit_array  0x0000000008000ed0        0x0
                0x0000000008000ed0                . = ALIGN (0x4)
                0x0000000008000ed0                PROVIDE (__preinit_array_start = .)
 *(.preinit_array*)
                0x0000000008000ed0                PROVIDE (__preinit_array_end = .)
                0x0000000008000ed0                . = ALIGN (0x4)

.init_array     0x0000000008000ed0        0x8
                0x0000000008000ed0                . = ALIGN (0x4)
                0x0000000008000ed0                PROVIDE (__init_array_start = .)
 *(SORT_BY_NAME(.init_array.*))
 .init_array.00000
                0x0000000008000ed0        0x4 /usr/lib/gcc/arm-none-eabi/12.2.1/../../../arm-none-eabi/lib/thumb/v7e-m/nofp/libg.a(lib_a-__call_atexit.o)
 *(.init_array*)
 .init_array    0x0000000008000ed4        0x4 /usr/lib/gcc/arm-none-eabi/12.2.1/thumb/v7e-m/nofp/crtbegin.o
                0x0000000008000ed8                PROVIDE (__init_array_end = .)
                0x0000000008000ed8                . = ALIGN (0x4)

.fini_array     0x0000000008000ed8        0x4
                0x0000000008000ed8                . = ALIGN (0x4)
                0x0000000008000ed8                PROVIDE (__fini_array_start = .)
 *(SORT_BY_NAME(.fini_array.*))
 *(.fini_array*)
 .fini_array    0x0000000008000ed8        0x4 /usr/lib/gcc/arm-none-eabi/12.2.1/thumb/v7e-m/nofp/crtbegin.o
                0x0000000008000edc                PROVIDE (__fini_array_end = .)
                0x0000000008000edc                . = ALIGN (0x4)
                0x0000000008000edc                _sidata = LOADADDR (.data)

.data           0x0000000020000000      0x43c load address 0x0000000008000edc
                0x0000000020000000                . = ALIGN (0x4)
                0x0000000020000000                _sdata = .
 *(.data)
 .data          0x0000000020000000      0x430 /usr/lib/gcc/arm-none-eabi/12.2.1/../../../arm-none-eabi/lib/thumb/v7e-m/nofp/libg.a(lib_a-impure.o)
                0x0000000020000000                _impure_ptr
 *(.data*)
 .data.uwTickFreq
                0x0000000020000430        0x1 CMakeFiles/base-project.elf.dir/Drivers/STM32F3xx_HAL_Driver/Src/stm32f3xx_hal.c.obj
                0x0000000020000430                uwTickFreq
 *fill*         0x0000000020000431        0x3 
 .data.uwTickPrio
                0x0000000020000434        0x4 CMakeFiles/base-project.elf.dir/Drivers/STM32F3xx_HAL_Driver/Src/stm32f3xx_hal.c.obj
                0x0000000020000434                uwTickPrio
 .data.SystemCoreClock
                0x0000000020000438        0x4 CMakeFiles/base-project.elf.dir/Src/system_stm32f3xx.c.obj
                0x0000000020000438                SystemCoreClock
 *(.RamFunc)
 *(.RamFunc*)
                0x000000002000043c                . = ALIGN (0x4)
                0x000000002000043c                _edata = .
                0x0000000008001318                _siccmram = LOADADDR (.ccmram)

.tm_clone_table
                0x000000002000043c        0x0 load address 0x0000000008001318
 .tm_clone_table
                0x000000002000043c        0x0 /usr/lib/gcc/arm-none-eabi/12.2.1/thumb/v7e-m/nofp/crtbegin.o
 .tm_clone_table
                0x000000002000043c        0x0 /usr/lib/gcc/arm-none-eabi/12.2.1/thumb/v7e-m/nofp/crtend.o

.igot.plt       0x000000002000043c        0x0 load address 0x0000000008001318
 .igot.plt      0x000000002000043c        0x0 /usr/lib/gcc/arm-none-eabi/12.2.1/thumb/v7e-m/nofp/crtbegin.o

.ccmram         0x0000000010000000        0x0 load address 0x0000000008001318
                0x0000000010000000                . = ALIGN (0x4)
                0x0000000010000000                _sccmram = .
 *(.ccmram)
 *(.ccmram*)
                0x0000000010000000                . = ALIGN (0x4)
                0x0000000010000000                _eccmram = .
                0x0000000010000000                . = ALIGN (0x4)

.bss            0x000000002000043c       0x20
                0x000000002000043c                _sbss = .
                0x000000002000043c                __bss_start__ = _sbss
 *(.bss)
 .bss           0x000000002000043c       0x1c /usr/lib/gcc/arm-none-eabi/12.2.1/thumb/v7e-m/nofp/crtbegin.o
 *(.bss*)
 .bss.uwTick    0x0000000020000458        0x4 CMakeFiles/base-project.elf.dir/Drivers/STM32F3xx_HAL_Driver/Src/stm32f3xx_hal.c.obj
                0x0000000020000458                uwTick
 *(COMMON)
                0x000000002000045c                . = ALIGN (0x4)
                0x000000002000045c                _ebss = .
                0x000000002000045c                __bss_end__ = _ebss

._user_heap_stack
                0x000000002000045c      0x604
                0x0000000020000460                . = ALIGN (0x8)
 *fill*         0x000000002000045c        0x4 
                [!provide]                        PROVIDE (end = .)
                0x0000000020000460                PROVIDE (_end = .)
                0x0000000020000660                . = (. + _Min_Heap_Size)
 *fill*         0x0000000020000460      0x200 
                0x0000000020000a60                . = (. + _Min_Stack_Size)
 *fill*         0x0000000020000660      0x400 
                0x0000000020000a60                . = ALIGN (0x8)

/DISCARD/
 libc.a(*)
 libm.a(*)
 libgcc.a(*)

.ARM.attributes
                0x0000000000000000       0x2a
 *(.ARM.attributes)
 .ARM.attributes
                0x0000000000000000       0x1e /usr/lib/gcc/arm-none-eabi/12.2.1/thumb/v7e-m/nofp/crti.o
 .ARM.attributes
                0x000000000000001e       0x2e /usr/lib/gcc/arm-none-eabi/12.2.1/thumb/v7e-m/nofp/crtbegin.o
 .ARM.attributes
                0x000000000000004c       0x2e CMakeFiles/base-project.elf.dir/Drivers/STM32F3xx_HAL_Driver/Src/stm32f3xx_hal.c.obj
 .ARM.attributes
                0x000000000000007a       0x2e CMakeFiles/base-project.elf.dir/Drivers/STM32F3xx_HAL_Driver/Src/stm32f3xx_hal_cortex.c.obj
 .ARM.attributes
                0x00000000000000a8       0x2e CMakeFiles/base-project.elf.dir/Drivers/STM32F3xx_HAL_Driver/Src/stm32f3xx_hal_rcc.c.obj
 .ARM.attributes
                0x00000000000000d6       0x2e CMakeFiles/base-project.elf.dir/Src/main.c.obj
 .ARM.attributes
                0x0000000000000104       0x2e CMakeFiles/base-project.elf.dir/Src/stm32f3xx_hal_msp.c.obj
 .ARM.attributes
                0x0000000000000132       0x2e CMakeFiles/base-project.elf.dir/Src/stm32f3xx_it.c.obj
 .ARM.attributes
                0x0000000000000160       0x2e CMakeFiles/base-project.elf.dir/Src/system_stm32f3xx.c.obj
 .ARM.attributes
                0x000000000000018e       0x21 CMakeFiles/base-project.elf.dir/Startup/startup_stm32f303retx.s.obj
 .ARM.attributes
                0x00000000000001af       0x2e /usr/lib/gcc/arm-none-eabi/12.2.1/../../../arm-none-eabi/lib/thumb/v7e-m/nofp/libg.a(lib_a-atexit.o)
 .ARM.attributes
                0x00000000000001dd       0x2e /usr/lib/gcc/arm-none-eabi/12.2.1/../../../arm-none-eabi/lib/thumb/v7e-m/nofp/libg.a(lib_a-fini.o)
 .ARM.attributes
                0x000000000000020b       0x2e /usr/lib/gcc/arm-none-eabi/12.2.1/../../../arm-none-eabi/lib/thumb/v7e-m/nofp/libg.a(lib_a-impure.o)
 .ARM.attributes
                0x0000000000000239       0x2e /usr/lib/gcc/arm-none-eabi/12.2.1/../../../arm-none-eabi/lib/thumb/v7e-m/nofp/libg.a(lib_a-init.o)
 .ARM.attributes
                0x0000000000000267       0x2e /usr/lib/gcc/arm-none-eabi/12.2.1/../../../arm-none-eabi/lib/thumb/v7e-m/nofp/libg.a(lib_a-memset.o)
 .ARM.attributes
                0x0000000000000295       0x2e /usr/lib/gcc/arm-none-eabi/12.2.1/../../../arm-none-eabi/lib/thumb/v7e-m/nofp/libg.a(lib_a-__atexit.o)
 .ARM.attributes
                0x00000000000002c3       0x2e /usr/lib/gcc/arm-none-eabi/12.2.1/../../../arm-none-eabi/lib/thumb/v7e-m/nofp/libg.a(lib_a-__call_atexit.o)
 .ARM.attributes
                0x00000000000002f1       0x2e /usr/lib/gcc/arm-none-eabi/12.2.1/thumb/v7e-m/nofp/crtend.o
 .ARM.attributes
                0x000000000000031f       0x1e /usr/lib/gcc/arm-none-eabi/12.2.1/thumb/v7e-m/nofp/crtn.o
OUTPUT(base-project.elf elf32-littlearm)
LOAD linker stubs
LOAD /usr/lib/gcc/arm-none-eabi/12.2.1/../../../arm-none-eabi/lib/thumb/v7e-m/nofp/libc.a
LOAD /usr/lib/gcc/arm-none-eabi/12.2.1/../../../arm-none-eabi/lib/thumb/v7e-m/nofp/libm.a
LOAD /usr/lib/gcc/arm-none-eabi/12.2.1/thumb/v7e-m/nofp/libgcc.a

.comment        0x0000000000000000       0x59
 .comment       0x0000000000000000       0x26 /usr/lib/gcc/arm-none-eabi/12.2.1/thumb/v7e-m/nofp/crtbegin.o
                                         0x27 (size before relaxing)
 .comment       0x0000000000000026       0x27 CMakeFiles/base-project.elf.dir/Drivers/STM32F3xx_HAL_Driver/Src/stm32f3xx_hal.c.obj
 .comment       0x0000000000000026       0x27 CMakeFiles/base-project.elf.dir/Drivers/STM32F3xx_HAL_Driver/Src/stm32f3xx_hal_cortex.c.obj
 .comment       0x0000000000000026       0x27 CMakeFiles/base-project.elf.dir/Drivers/STM32F3xx_HAL_Driver/Src/stm32f3xx_hal_rcc.c.obj
 .comment       0x0000000000000026       0x27 CMakeFiles/base-project.elf.dir/Src/main.c.obj
 .comment       0x0000000000000026       0x27 CMakeFiles/base-project.elf.dir/Src/stm32f3xx_hal_msp.c.obj
 .comment       0x0000000000000026       0x27 CMakeFiles/base-project.elf.dir/Src/stm32f3xx_it.c.obj
 .comment       0x0000000000000026       0x27 CMakeFiles/base-project.elf.dir/Src/system_stm32f3xx.c.obj
 .comment       0x0000000000000026       0x33 /usr/lib/gcc/arm-none-eabi/12.2.1/../../../arm-none-eabi/lib/thumb/v7e-m/nofp/libg.a(lib_a-atexit.o)
                                         0x34 (size before relaxing)
 .comment       0x0000000000000059       0x34 /usr/lib/gcc/arm-none-eabi/12.2.1/../../../arm-none-eabi/lib/thumb/v7e-m/nofp/libg.a(lib_a-fini.o)
 .comment       0x0000000000000059       0x34 /usr/lib/gcc/arm-none-eabi/12.2.1/../../../arm-none-eabi/lib/thumb/v7e-m/nofp/libg.a(lib_a-impure.o)
 .comment       0x0000000000000059       0x34 /usr/lib/gcc/arm-none-eabi/12.2.1/../../../arm-none-eabi/lib/thumb/v7e-m/nofp/libg.a(lib_a-init.o)
 .comment       0x0000000000000059       0x34 /usr/lib/gcc/arm-none-eabi/12.2.1/../../../arm-none-eabi/lib/thumb/v7e-m/nofp/libg.a(lib_a-memset.o)
 .comment       0x0000000000000059       0x34 /usr/lib/gcc/arm-none-eabi/12.2.1/../../../arm-none-eabi/lib/thumb/v7e-m/nofp/libg.a(lib_a-__atexit.o)
 .comment       0x0000000000000059       0x34 /usr/lib/gcc/arm-none-eabi/12.2.1/../../../arm-none-eabi/lib/thumb/v7e-m/nofp/libg.a(lib_a-__call_atexit.o)
 .comment       0x0000000000000059       0x27 /usr/lib/gcc/arm-none-eabi/12.2.1/thumb/v7e-m/nofp/crtend.o

.debug_info     0x0000000000000000     0x5665
 .debug_info    0x0000000000000000      0x896 CMakeFiles/base-project.elf.dir/Drivers/STM32F3xx_HAL_Driver/Src/stm32f3xx_hal.c.obj
 .debug_info    0x0000000000000896      0xee7 CMakeFiles/base-project.elf.dir/Drivers/STM32F3xx_HAL_Driver/Src/stm32f3xx_hal_cortex.c.obj
 .debug_info    0x000000000000177d     0x159a CMakeFiles/base-project.elf.dir/Drivers/STM32F3xx_HAL_Driver/Src/stm32f3xx_hal_rcc.c.obj
 .debug_info    0x0000000000002d17      0x2f0 CMakeFiles/base-project.elf.dir/Src/main.c.obj
 .debug_info    0x0000000000003007      0x17d CMakeFiles/base-project.elf.dir/Src/stm32f3xx_hal_msp.c.obj
 .debug_info    0x0000000000003184      0x11d CMakeFiles/base-project.elf.dir/Src/stm32f3xx_it.c.obj
 .debug_info    0x00000000000032a1      0x22c CMakeFiles/base-project.elf.dir/Src/system_stm32f3xx.c.obj
 .debug_info    0x00000000000034cd       0x2e CMakeFiles/base-project.elf.dir/Startup/startup_stm32f303retx.s.obj
 .debug_info    0x00000000000034fb      0x100 /usr/lib/gcc/arm-none-eabi/12.2.1/../../../arm-none-eabi/lib/thumb/v7e-m/nofp/libg.a(lib_a-atexit.o)
 .debug_info    0x00000000000035fb      0x102 /usr/lib/gcc/arm-none-eabi/12.2.1/../../../arm-none-eabi/lib/thumb/v7e-m/nofp/libg.a(lib_a-fini.o)
 .debug_info    0x00000000000036fd      0x92a /usr/lib/gcc/arm-none-eabi/12.2.1/../../../arm-none-eabi/lib/thumb/v7e-m/nofp/libg.a(lib_a-impure.o)
 .debug_info    0x0000000000004027      0x11a /usr/lib/gcc/arm-none-eabi/12.2.1/../../../arm-none-eabi/lib/thumb/v7e-m/nofp/libg.a(lib_a-init.o)
 .debug_info    0x0000000000004141      0x137 /usr/lib/gcc/arm-none-eabi/12.2.1/../../../arm-none-eabi/lib/thumb/v7e-m/nofp/libg.a(lib_a-memset.o)
 .debug_info    0x0000000000004278      0x9b0 /usr/lib/gcc/arm-none-eabi/12.2.1/../../../arm-none-eabi/lib/thumb/v7e-m/nofp/libg.a(lib_a-__atexit.o)
 .debug_info    0x0000000000004c28      0xa3d /usr/lib/gcc/arm-none-eabi/12.2.1/../../../arm-none-eabi/lib/thumb/v7e-m/nofp/libg.a(lib_a-__call_atexit.o)

.debug_abbrev   0x0000000000000000     0x16c7
 .debug_abbrev  0x0000000000000000      0x241 CMakeFiles/base-project.elf.dir/Drivers/STM32F3xx_HAL_Driver/Src/stm32f3xx_hal.c.obj
 .debug_abbrev  0x0000000000000241      0x39d CMakeFiles/base-project.elf.dir/Drivers/STM32F3xx_HAL_Driver/Src/stm32f3xx_hal_cortex.c.obj
 .debug_abbrev  0x00000000000005de      0x31e CMakeFiles/base-project.elf.dir/Drivers/STM32F3xx_HAL_Driver/Src/stm32f3xx_hal_rcc.c.obj
 .debug_abbrev  0x00000000000008fc      0x19e CMakeFiles/base-project.elf.dir/Src/main.c.obj
 .debug_abbrev  0x0000000000000a9a       0xc4 CMakeFiles/base-project.elf.dir/Src/stm32f3xx_hal_msp.c.obj
 .debug_abbrev  0x0000000000000b5e       0x7c CMakeFiles/base-project.elf.dir/Src/stm32f3xx_it.c.obj
 .debug_abbrev  0x0000000000000bda      0x121 CMakeFiles/base-project.elf.dir/Src/system_stm32f3xx.c.obj
 .debug_abbrev  0x0000000000000cfb       0x1d CMakeFiles/base-project.elf.dir/Startup/startup_stm32f303retx.s.obj
 .debug_abbrev  0x0000000000000d18       0xb7 /usr/lib/gcc/arm-none-eabi/12.2.1/../../../arm-none-eabi/lib/thumb/v7e-m/nofp/libg.a(lib_a-atexit.o)
 .debug_abbrev  0x0000000000000dcf       0xcf /usr/lib/gcc/arm-none-eabi/12.2.1/../../../arm-none-eabi/lib/thumb/v7e-m/nofp/libg.a(lib_a-fini.o)
 .debug_abbrev  0x0000000000000e9e      0x1b8 /usr/lib/gcc/arm-none-eabi/12.2.1/../../../arm-none-eabi/lib/thumb/v7e-m/nofp/libg.a(lib_a-impure.o)
 .debug_abbrev  0x0000000000001056       0xcc /usr/lib/gcc/arm-none-eabi/12.2.1/../../../arm-none-eabi/lib/thumb/v7e-m/nofp/libg.a(lib_a-init.o)
 .debug_abbrev  0x0000000000001122       0xb4 /usr/lib/gcc/arm-none-eabi/12.2.1/../../../arm-none-eabi/lib/thumb/v7e-m/nofp/libg.a(lib_a-memset.o)
 .debug_abbrev  0x00000000000011d6      0x23f /usr/lib/gcc/arm-none-eabi/12.2.1/../../../arm-none-eabi/lib/thumb/v7e-m/nofp/libg.a(lib_a-__atexit.o)
 .debug_abbrev  0x0000000000001415      0x2b2 /usr/lib/gcc/arm-none-eabi/12.2.1/../../../arm-none-eabi/lib/thumb/v7e-m/nofp/libg.a(lib_a-__call_atexit.o)

.debug_loclists
                0x0000000000000000      0xe29
 .debug_loclists
                0x0000000000000000       0xc9 CMakeFiles/base-project.elf.dir/Drivers/STM32F3xx_HAL_Driver/Src/stm32f3xx_hal.c.obj
 .debug_loclists
                0x00000000000000c9      0x439 CMakeFiles/base-project.elf.dir/Drivers/STM32F3xx_HAL_Driver/Src/stm32f3xx_hal_cortex.c.obj
 .debug_loclists
                0x0000000000000502      0x871 CMakeFiles/base-project.elf.dir/Drivers/STM32F3xx_HAL_Driver/Src/stm32f3xx_hal_rcc.c.obj
 .debug_loclists
                0x0000000000000d73       0xb6 CMakeFiles/base-project.elf.dir/Src/system_stm32f3xx.c.obj

.debug_aranges  0x0000000000000000      0x420
 .debug_aranges
                0x0000000000000000       0xe0 CMakeFiles/base-project.elf.dir/Drivers/STM32F3xx_HAL_Driver/Src/stm32f3xx_hal.c.obj
 .debug_aranges
                0x00000000000000e0       0xd8 CMakeFiles/base-project.elf.dir/Drivers/STM32F3xx_HAL_Driver/Src/stm32f3xx_hal_cortex.c.obj
 .debug_aranges
                0x00000000000001b8       0x88 CMakeFiles/base-project.elf.dir/Drivers/STM32F3xx_HAL_Driver/Src/stm32f3xx_hal_rcc.c.obj
 .debug_aranges
                0x0000000000000240       0x30 CMakeFiles/base-project.elf.dir/Src/main.c.obj
 .debug_aranges
                0x0000000000000270       0x20 CMakeFiles/base-project.elf.dir/Src/stm32f3xx_hal_msp.c.obj
 .debug_aranges
                0x0000000000000290       0x60 CMakeFiles/base-project.elf.dir/Src/stm32f3xx_it.c.obj
 .debug_aranges
                0x00000000000002f0       0x28 CMakeFiles/base-project.elf.dir/Src/system_stm32f3xx.c.obj
 .debug_aranges
                0x0000000000000318       0x28 CMakeFiles/base-project.elf.dir/Startup/startup_stm32f303retx.s.obj
 .debug_aranges
                0x0000000000000340       0x20 /usr/lib/gcc/arm-none-eabi/12.2.1/../../../arm-none-eabi/lib/thumb/v7e-m/nofp/libg.a(lib_a-atexit.o)
 .debug_aranges
                0x0000000000000360       0x20 /usr/lib/gcc/arm-none-eabi/12.2.1/../../../arm-none-eabi/lib/thumb/v7e-m/nofp/libg.a(lib_a-fini.o)
 .debug_aranges
                0x0000000000000380       0x18 /usr/lib/gcc/arm-none-eabi/12.2.1/../../../arm-none-eabi/lib/thumb/v7e-m/nofp/libg.a(lib_a-impure.o)
 .debug_aranges
                0x0000000000000398       0x20 /usr/lib/gcc/arm-none-eabi/12.2.1/../../../arm-none-eabi/lib/thumb/v7e-m/nofp/libg.a(lib_a-init.o)
 .debug_aranges
                0x00000000000003b8       0x20 /usr/lib/gcc/arm-none-eabi/12.2.1/../../../arm-none-eabi/lib/thumb/v7e-m/nofp/libg.a(lib_a-memset.o)
 .debug_aranges
                0x00000000000003d8       0x20 /usr/lib/gcc/arm-none-eabi/12.2.1/../../../arm-none-eabi/lib/thumb/v7e-m/nofp/libg.a(lib_a-__atexit.o)
 .debug_aranges
                0x00000000000003f8       0x28 /usr/lib/gcc/arm-none-eabi/12.2.1/../../../arm-none-eabi/lib/thumb/v7e-m/nofp/libg.a(lib_a-__call_atexit.o)

.debug_rnglists
                0x0000000000000000      0x261
 .debug_rnglists
                0x0000000000000000       0xa3 CMakeFiles/base-project.elf.dir/Drivers/STM32F3xx_HAL_Driver/Src/stm32f3xx_hal.c.obj
 .debug_rnglists
                0x00000000000000a3       0x9d CMakeFiles/base-project.elf.dir/Drivers/STM32F3xx_HAL_Driver/Src/stm32f3xx_hal_cortex.c.obj
 .debug_rnglists
                0x0000000000000140       0x79 CMakeFiles/base-project.elf.dir/Drivers/STM32F3xx_HAL_Driver/Src/stm32f3xx_hal_rcc.c.obj
 .debug_rnglists
                0x00000000000001b9       0x1f CMakeFiles/base-project.elf.dir/Src/main.c.obj
 .debug_rnglists
                0x00000000000001d8       0x13 CMakeFiles/base-project.elf.dir/Src/stm32f3xx_hal_msp.c.obj
 .debug_rnglists
                0x00000000000001eb       0x43 CMakeFiles/base-project.elf.dir/Src/stm32f3xx_it.c.obj
 .debug_rnglists
                0x000000000000022e       0x1a CMakeFiles/base-project.elf.dir/Src/system_stm32f3xx.c.obj
 .debug_rnglists
                0x0000000000000248       0x19 CMakeFiles/base-project.elf.dir/Startup/startup_stm32f303retx.s.obj

.debug_line     0x0000000000000000     0x30ae
 .debug_line    0x0000000000000000      0x54d CMakeFiles/base-project.elf.dir/Drivers/STM32F3xx_HAL_Driver/Src/stm32f3xx_hal.c.obj
 .debug_line    0x000000000000054d      0x80a CMakeFiles/base-project.elf.dir/Drivers/STM32F3xx_HAL_Driver/Src/stm32f3xx_hal_cortex.c.obj
 .debug_line    0x0000000000000d57     0x11ee CMakeFiles/base-project.elf.dir/Drivers/STM32F3xx_HAL_Driver/Src/stm32f3xx_hal_rcc.c.obj
 .debug_line    0x0000000000001f45      0x25c CMakeFiles/base-project.elf.dir/Src/main.c.obj
 .debug_line    0x00000000000021a1      0x129 CMakeFiles/base-project.elf.dir/Src/stm32f3xx_hal_msp.c.obj
 .debug_line    0x00000000000022ca      0x1ce CMakeFiles/base-project.elf.dir/Src/stm32f3xx_it.c.obj
 .debug_line    0x0000000000002498      0x1e2 CMakeFiles/base-project.elf.dir/Src/system_stm32f3xx.c.obj
 .debug_line    0x000000000000267a       0x7a CMakeFiles/base-project.elf.dir/Startup/startup_stm32f303retx.s.obj
 .debug_line    0x00000000000026f4       0xc0 /usr/lib/gcc/arm-none-eabi/12.2.1/../../../arm-none-eabi/lib/thumb/v7e-m/nofp/libg.a(lib_a-atexit.o)
 .debug_line    0x00000000000027b4       0xed /usr/lib/gcc/arm-none-eabi/12.2.1/../../../arm-none-eabi/lib/thumb/v7e-m/nofp/libg.a(lib_a-fini.o)
 .debug_line    0x00000000000028a1       0xe4 /usr/lib/gcc/arm-none-eabi/12.2.1/../../../arm-none-eabi/lib/thumb/v7e-m/nofp/libg.a(lib_a-impure.o)
 .debug_line    0x0000000000002985      0x138 /usr/lib/gcc/arm-none-eabi/12.2.1/../../../arm-none-eabi/lib/thumb/v7e-m/nofp/libg.a(lib_a-init.o)
 .debug_line    0x0000000000002abd      0x1bf /usr/lib/gcc/arm-none-eabi/12.2.1/../../../arm-none-eabi/lib/thumb/v7e-m/nofp/libg.a(lib_a-memset.o)
 .debug_line    0x0000000000002c7c      0x19e /usr/lib/gcc/arm-none-eabi/12.2.1/../../../arm-none-eabi/lib/thumb/v7e-m/nofp/libg.a(lib_a-__atexit.o)
 .debug_line    0x0000000000002e1a      0x294 /usr/lib/gcc/arm-none-eabi/12.2.1/../../../arm-none-eabi/lib/thumb/v7e-m/nofp/libg.a(lib_a-__call_atexit.o)

.debug_str      0x0000000000000000     0x1df0
 .debug_str     0x0000000000000000      0xa14 CMakeFiles/base-project.elf.dir/Drivers/STM32F3xx_HAL_Driver/Src/stm32f3xx_hal.c.obj
                                        0xa58 (size before relaxing)
 .debug_str     0x0000000000000a14      0x514 CMakeFiles/base-project.elf.dir/Drivers/STM32F3xx_HAL_Driver/Src/stm32f3xx_hal_cortex.c.obj
                                        0xbf4 (size before relaxing)
 .debug_str     0x0000000000000f28      0x3ea CMakeFiles/base-project.elf.dir/Drivers/STM32F3xx_HAL_Driver/Src/stm32f3xx_hal_rcc.c.obj
                                        0x699 (size before relaxing)
 .debug_str     0x0000000000001312       0x7e CMakeFiles/base-project.elf.dir/Src/main.c.obj
                                        0x388 (size before relaxing)
 .debug_str     0x0000000000001390       0x46 CMakeFiles/base-project.elf.dir/Src/stm32f3xx_hal_msp.c.obj
                                        0x240 (size before relaxing)
 .debug_str     0x00000000000013d6       0xd1 CMakeFiles/base-project.elf.dir/Src/stm32f3xx_it.c.obj
                                        0x268 (size before relaxing)
 .debug_str     0x00000000000014a7       0x85 CMakeFiles/base-project.elf.dir/Src/system_stm32f3xx.c.obj
                                        0x2a0 (size before relaxing)
 .debug_str     0x000000000000152c       0x68 CMakeFiles/base-project.elf.dir/Startup/startup_stm32f303retx.s.obj
                                         0xa8 (size before relaxing)
 .debug_str     0x0000000000001594      0x142 /usr/lib/gcc/arm-none-eabi/12.2.1/../../../arm-none-eabi/lib/thumb/v7e-m/nofp/libg.a(lib_a-atexit.o)
                                        0x1de (size before relaxing)
 .debug_str     0x00000000000016d6       0xc5 /usr/lib/gcc/arm-none-eabi/12.2.1/../../../arm-none-eabi/lib/thumb/v7e-m/nofp/libg.a(lib_a-fini.o)
                                        0x1d6 (size before relaxing)
 .debug_str     0x000000000000179b      0x450 /usr/lib/gcc/arm-none-eabi/12.2.1/../../../arm-none-eabi/lib/thumb/v7e-m/nofp/libg.a(lib_a-impure.o)
                                        0x57c (size before relaxing)
 .debug_str     0x0000000000001beb       0x96 /usr/lib/gcc/arm-none-eabi/12.2.1/../../../arm-none-eabi/lib/thumb/v7e-m/nofp/libg.a(lib_a-init.o)
                                        0x200 (size before relaxing)
 .debug_str     0x0000000000001c81       0xa2 /usr/lib/gcc/arm-none-eabi/12.2.1/../../../arm-none-eabi/lib/thumb/v7e-m/nofp/libg.a(lib_a-memset.o)
                                        0x1b5 (size before relaxing)
 .debug_str     0x0000000000001d23       0x3b /usr/lib/gcc/arm-none-eabi/12.2.1/../../../arm-none-eabi/lib/thumb/v7e-m/nofp/libg.a(lib_a-__atexit.o)
                                        0x5b6 (size before relaxing)
 .debug_str     0x0000000000001d5e       0x92 /usr/lib/gcc/arm-none-eabi/12.2.1/../../../arm-none-eabi/lib/thumb/v7e-m/nofp/libg.a(lib_a-__call_atexit.o)
                                        0x5e2 (size before relaxing)

.debug_frame    0x0000000000000000      0x790
 .debug_frame   0x0000000000000000      0x1cc CMakeFiles/base-project.elf.dir/Drivers/STM32F3xx_HAL_Driver/Src/stm32f3xx_hal.c.obj
 .debug_frame   0x00000000000001cc      0x1cc CMakeFiles/base-project.elf.dir/Drivers/STM32F3xx_HAL_Driver/Src/stm32f3xx_hal_cortex.c.obj
 .debug_frame   0x0000000000000398      0x170 CMakeFiles/base-project.elf.dir/Drivers/STM32F3xx_HAL_Driver/Src/stm32f3xx_hal_rcc.c.obj
 .debug_frame   0x0000000000000508       0x58 CMakeFiles/base-project.elf.dir/Src/main.c.obj
 .debug_frame   0x0000000000000560       0x28 CMakeFiles/base-project.elf.dir/Src/stm32f3xx_hal_msp.c.obj
 .debug_frame   0x0000000000000588       0xa8 CMakeFiles/base-project.elf.dir/Src/stm32f3xx_it.c.obj
 .debug_frame   0x0000000000000630       0x30 CMakeFiles/base-project.elf.dir/Src/system_stm32f3xx.c.obj
 .debug_frame   0x0000000000000660       0x20 /usr/lib/gcc/arm-none-eabi/12.2.1/../../../arm-none-eabi/lib/thumb/v7e-m/nofp/libg.a(lib_a-atexit.o)
 .debug_frame   0x0000000000000680       0x34 /usr/lib/gcc/arm-none-eabi/12.2.1/../../../arm-none-eabi/lib/thumb/v7e-m/nofp/libg.a(lib_a-fini.o)
 .debug_frame   0x00000000000006b4       0x2c /usr/lib/gcc/arm-none-eabi/12.2.1/../../../arm-none-eabi/lib/thumb/v7e-m/nofp/libg.a(lib_a-init.o)
 .debug_frame   0x00000000000006e0       0x2c /usr/lib/gcc/arm-none-eabi/12.2.1/../../../arm-none-eabi/lib/thumb/v7e-m/nofp/libg.a(lib_a-memset.o)
 .debug_frame   0x000000000000070c       0x34 /usr/lib/gcc/arm-none-eabi/12.2.1/../../../arm-none-eabi/lib/thumb/v7e-m/nofp/libg.a(lib_a-__atexit.o)
 .debug_frame   0x0000000000000740       0x50 /usr/lib/gcc/arm-none-eabi/12.2.1/../../../arm-none-eabi/lib/thumb/v7e-m/nofp/libg.a(lib_a-__call_atexit.o)

.debug_line_str
                0x0000000000000000       0x8e
 .debug_line_str
                0x0000000000000000       0x8e CMakeFiles/base-project.elf.dir/Startup/startup_stm32f303retx.s.obj

.debug_loc      0x0000000000000000      0x666
 .debug_loc     0x0000000000000000       0x32 /usr/lib/gcc/arm-none-eabi/12.2.1/../../../arm-none-eabi/lib/thumb/v7e-m/nofp/libg.a(lib_a-atexit.o)
 .debug_loc     0x0000000000000032       0x68 /usr/lib/gcc/arm-none-eabi/12.2.1/../../../arm-none-eabi/lib/thumb/v7e-m/nofp/libg.a(lib_a-fini.o)
 .debug_loc     0x000000000000009a       0xba /usr/lib/gcc/arm-none-eabi/12.2.1/../../../arm-none-eabi/lib/thumb/v7e-m/nofp/libg.a(lib_a-init.o)
 .debug_loc     0x0000000000000154      0x22c /usr/lib/gcc/arm-none-eabi/12.2.1/../../../arm-none-eabi/lib/thumb/v7e-m/nofp/libg.a(lib_a-memset.o)
 .debug_loc     0x0000000000000380      0x138 /usr/lib/gcc/arm-none-eabi/12.2.1/../../../arm-none-eabi/lib/thumb/v7e-m/nofp/libg.a(lib_a-__atexit.o)
 .debug_loc     0x00000000000004b8      0x1ae /usr/lib/gcc/arm-none-eabi/12.2.1/../../../arm-none-eabi/lib/thumb/v7e-m/nofp/libg.a(lib_a-__call_atexit.o)

.debug_ranges   0x0000000000000000       0x50
 .debug_ranges  0x0000000000000000       0x50 /usr/lib/gcc/arm-none-eabi/12.2.1/../../../arm-none-eabi/lib/thumb/v7e-m/nofp/libg.a(lib_a-__call_atexit.o)
