Archive member included to satisfy reference by file (symbol)

/usr/lib/gcc/arm-none-eabi/12.2.1/../../../arm-none-eabi/lib/thumb/v7e-m/nofp/libg.a(lib_a-atexit.o)
                              /usr/lib/gcc/arm-none-eabi/12.2.1/../../../arm-none-eabi/lib/thumb/v7e-m/nofp/crt0.o (atexit)
/usr/lib/gcc/arm-none-eabi/12.2.1/../../../arm-none-eabi/lib/thumb/v7e-m/nofp/libg.a(lib_a-exit.o)
                              /usr/lib/gcc/arm-none-eabi/12.2.1/../../../arm-none-eabi/lib/thumb/v7e-m/nofp/crt0.o (exit)
/usr/lib/gcc/arm-none-eabi/12.2.1/../../../arm-none-eabi/lib/thumb/v7e-m/nofp/libg.a(lib_a-fini.o)
                              /usr/lib/gcc/arm-none-eabi/12.2.1/../../../arm-none-eabi/lib/thumb/v7e-m/nofp/crt0.o (__libc_fini_array)
/usr/lib/gcc/arm-none-eabi/12.2.1/../../../arm-none-eabi/lib/thumb/v7e-m/nofp/libg.a(lib_a-impure.o)
                              /usr/lib/gcc/arm-none-eabi/12.2.1/../../../arm-none-eabi/lib/thumb/v7e-m/nofp/libg.a(lib_a-exit.o) (_global_impure_ptr)
/usr/lib/gcc/arm-none-eabi/12.2.1/../../../arm-none-eabi/lib/thumb/v7e-m/nofp/libg.a(lib_a-init.o)
                              /usr/lib/gcc/arm-none-eabi/12.2.1/../../../arm-none-eabi/lib/thumb/v7e-m/nofp/crt0.o (__libc_init_array)
/usr/lib/gcc/arm-none-eabi/12.2.1/../../../arm-none-eabi/lib/thumb/v7e-m/nofp/libg.a(lib_a-memset.o)
                              /usr/lib/gcc/arm-none-eabi/12.2.1/../../../arm-none-eabi/lib/thumb/v7e-m/nofp/crt0.o (memset)
/usr/lib/gcc/arm-none-eabi/12.2.1/../../../arm-none-eabi/lib/thumb/v7e-m/nofp/libg.a(lib_a-__atexit.o)
                              /usr/lib/gcc/arm-none-eabi/12.2.1/../../../arm-none-eabi/lib/thumb/v7e-m/nofp/libg.a(lib_a-atexit.o) (__register_exitproc)
/usr/lib/gcc/arm-none-eabi/12.2.1/../../../arm-none-eabi/lib/thumb/v7e-m/nofp/libg.a(lib_a-__call_atexit.o)
                              /usr/lib/gcc/arm-none-eabi/12.2.1/../../../arm-none-eabi/lib/thumb/v7e-m/nofp/libg.a(lib_a-exit.o) (__call_exitprocs)

Discarded input sections

 .text          0x0000000000000000        0x0 /usr/lib/gcc/arm-none-eabi/12.2.1/thumb/v7e-m/nofp/crti.o
 .data          0x0000000000000000        0x0 /usr/lib/gcc/arm-none-eabi/12.2.1/thumb/v7e-m/nofp/crti.o
 .bss           0x0000000000000000        0x0 /usr/lib/gcc/arm-none-eabi/12.2.1/thumb/v7e-m/nofp/crti.o
 .data          0x0000000000000000        0x4 /usr/lib/gcc/arm-none-eabi/12.2.1/thumb/v7e-m/nofp/crtbegin.o
 .rodata        0x0000000000000000       0x24 /usr/lib/gcc/arm-none-eabi/12.2.1/thumb/v7e-m/nofp/crtbegin.o
 .text          0x0000000000000000       0x70 /usr/lib/gcc/arm-none-eabi/12.2.1/../../../arm-none-eabi/lib/thumb/v7e-m/nofp/crt0.o
 .data          0x0000000000000000        0x0 /usr/lib/gcc/arm-none-eabi/12.2.1/../../../arm-none-eabi/lib/thumb/v7e-m/nofp/crt0.o
 .bss           0x0000000000000000        0x0 /usr/lib/gcc/arm-none-eabi/12.2.1/../../../arm-none-eabi/lib/thumb/v7e-m/nofp/crt0.o
 .ARM.extab     0x0000000000000000        0x0 /usr/lib/gcc/arm-none-eabi/12.2.1/../../../arm-none-eabi/lib/thumb/v7e-m/nofp/crt0.o
 .ARM.exidx     0x0000000000000000       0x10 /usr/lib/gcc/arm-none-eabi/12.2.1/../../../arm-none-eabi/lib/thumb/v7e-m/nofp/crt0.o
 .debug_line    0x0000000000000000       0x87 /usr/lib/gcc/arm-none-eabi/12.2.1/../../../arm-none-eabi/lib/thumb/v7e-m/nofp/crt0.o
 .debug_info    0x0000000000000000       0x26 /usr/lib/gcc/arm-none-eabi/12.2.1/../../../arm-none-eabi/lib/thumb/v7e-m/nofp/crt0.o
 .debug_abbrev  0x0000000000000000       0x14 /usr/lib/gcc/arm-none-eabi/12.2.1/../../../arm-none-eabi/lib/thumb/v7e-m/nofp/crt0.o
 .debug_aranges
                0x0000000000000000       0x20 /usr/lib/gcc/arm-none-eabi/12.2.1/../../../arm-none-eabi/lib/thumb/v7e-m/nofp/crt0.o
 .debug_str     0x0000000000000000       0x95 /usr/lib/gcc/arm-none-eabi/12.2.1/../../../arm-none-eabi/lib/thumb/v7e-m/nofp/crt0.o
 .ARM.attributes
                0x0000000000000000       0x1c /usr/lib/gcc/arm-none-eabi/12.2.1/../../../arm-none-eabi/lib/thumb/v7e-m/nofp/crt0.o
 .text          0x0000000000000000        0x0 CMakeFiles/base-project.elf.dir/src/error_handlers.c.obj
 .data          0x0000000000000000        0x0 CMakeFiles/base-project.elf.dir/src/error_handlers.c.obj
 .bss           0x0000000000000000        0x0 CMakeFiles/base-project.elf.dir/src/error_handlers.c.obj
 .text.Error_Handler
                0x0000000000000000        0x2 CMakeFiles/base-project.elf.dir/src/error_handlers.c.obj
 .debug_info    0x0000000000000000       0x39 CMakeFiles/base-project.elf.dir/src/error_handlers.c.obj
 .debug_abbrev  0x0000000000000000       0x2d CMakeFiles/base-project.elf.dir/src/error_handlers.c.obj
 .debug_aranges
                0x0000000000000000       0x20 CMakeFiles/base-project.elf.dir/src/error_handlers.c.obj
 .debug_rnglists
                0x0000000000000000       0x13 CMakeFiles/base-project.elf.dir/src/error_handlers.c.obj
 .debug_line    0x0000000000000000       0x85 CMakeFiles/base-project.elf.dir/src/error_handlers.c.obj
[...]
Memory Configuration

Name             Origin             Length             Attributes
CCMRAM           0x0000000010000000 0x0000000000004000 xrw
RAM              0x0000000020000000 0x0000000000010000 xrw
FLASH            0x0000000008000000 0x0000000000080000 xr
*default*        0x0000000000000000 0xffffffffffffffff

Linker script and memory map

LOAD /usr/lib/gcc/arm-none-eabi/12.2.1/thumb/v7e-m/nofp/crti.o
LOAD /usr/lib/gcc/arm-none-eabi/12.2.1/thumb/v7e-m/nofp/crtbegin.o
LOAD /usr/lib/gcc/arm-none-eabi/12.2.1/../../../arm-none-eabi/lib/thumb/v7e-m/nofp/crt0.o
LOAD CMakeFiles/base-project.elf.dir/src/error_handlers.c.obj
LOAD CMakeFiles/base-project.elf.dir/src/main.c.obj
LOAD CMakeFiles/base-project.elf.dir/src/system_config.c.obj
LOAD CMakeFiles/base-project.elf.dir/vendor/drivers/STM32F3xx_HAL_Driver/Src/stm32f3xx_hal.c.obj
LOAD CMakeFiles/base-project.elf.dir/vendor/drivers/STM32F3xx_HAL_Driver/Src/stm32f3xx_hal_cortex.c.obj
LOAD CMakeFiles/base-project.elf.dir/vendor/drivers/STM32F3xx_HAL_Driver/Src/stm32f3xx_hal_dma.c.obj
LOAD CMakeFiles/base-project.elf.dir/vendor/drivers/STM32F3xx_HAL_Driver/Src/stm32f3xx_hal_exti.c.obj
LOAD CMakeFiles/base-project.elf.dir/vendor/drivers/STM32F3xx_HAL_Driver/Src/stm32f3xx_hal_flash.c.obj
LOAD CMakeFiles/base-project.elf.dir/vendor/drivers/STM32F3xx_HAL_Driver/Src/stm32f3xx_hal_flash_ex.c.obj
LOAD CMakeFiles/base-project.elf.dir/vendor/drivers/STM32F3xx_HAL_Driver/Src/stm32f3xx_hal_gpio.c.obj
LOAD CMakeFiles/base-project.elf.dir/vendor/drivers/STM32F3xx_HAL_Driver/Src/stm32f3xx_hal_i2c.c.obj
LOAD CMakeFiles/base-project.elf.dir/vendor/drivers/STM32F3xx_HAL_Driver/Src/stm32f3xx_hal_i2c_ex.c.obj
LOAD CMakeFiles/base-project.elf.dir/vendor/drivers/STM32F3xx_HAL_Driver/Src/stm32f3xx_hal_pwr.c.obj
LOAD CMakeFiles/base-project.elf.dir/vendor/drivers/STM32F3xx_HAL_Driver/Src/stm32f3xx_hal_pwr_ex.c.obj
LOAD CMakeFiles/base-project.elf.dir/vendor/drivers/STM32F3xx_HAL_Driver/Src/stm32f3xx_hal_rcc.c.obj
LOAD CMakeFiles/base-project.elf.dir/vendor/drivers/STM32F3xx_HAL_Driver/Src/stm32f3xx_hal_rcc_ex.c.obj
LOAD CMakeFiles/base-project.elf.dir/vendor/drivers/STM32F3xx_HAL_Driver/Src/stm32f3xx_hal_tim.c.obj
LOAD CMakeFiles/base-project.elf.dir/vendor/drivers/STM32F3xx_HAL_Driver/Src/stm32f3xx_hal_tim_ex.c.obj
LOAD CMakeFiles/base-project.elf.dir/vendor/startup/startup_stm32f303retx.s.obj
START GROUP
LOAD /usr/lib/gcc/arm-none-eabi/12.2.1/thumb/v7e-m/nofp/libgcc.a
LOAD /usr/lib/gcc/arm-none-eabi/12.2.1/../../../arm-none-eabi/lib/thumb/v7e-m/nofp/libg.a
LOAD /usr/lib/gcc/arm-none-eabi/12.2.1/../../../arm-none-eabi/lib/thumb/v7e-m/nofp/libc.a
END GROUP
LOAD /usr/lib/gcc/arm-none-eabi/12.2.1/thumb/v7e-m/nofp/crtend.o
LOAD /usr/lib/gcc/arm-none-eabi/12.2.1/thumb/v7e-m/nofp/crtn.o
                0x0000000020010000                _estack = (ORIGIN (RAM) + LENGTH (RAM))
                0x0000000000000200                _Min_Heap_Size = 0x200
                0x0000000000000400                _Min_Stack_Size = 0x400

.isr_vector     0x0000000008000000      0x194
                0x0000000008000000                . = ALIGN (0x4)
 *(.isr_vector)
 .isr_vector    0x0000000008000000      0x194 CMakeFiles/base-project.elf.dir/vendor/startup/startup_stm32f303retx.s.obj
                0x0000000008000000                g_pfnVectors
                0x0000000008000194                . = ALIGN (0x4)

.text           0x0000000008000194      0x1f4
                0x0000000008000194                . = ALIGN (0x4)
 *(.text)
 .text          0x0000000008000194       0x88 /usr/lib/gcc/arm-none-eabi/12.2.1/thumb/v7e-m/nofp/crtbegin.o
 .text          0x000000000800021c        0xc /usr/lib/gcc/arm-none-eabi/12.2.1/../../../arm-none-eabi/lib/thumb/v7e-m/nofp/libg.a(lib_a-atexit.o)
                0x000000000800021c                atexit
 .text          0x0000000008000228       0x2c /usr/lib/gcc/arm-none-eabi/12.2.1/../../../arm-none-eabi/lib/thumb/v7e-m/nofp/libg.a(lib_a-fini.o)
                0x0000000008000228                __libc_fini_array
 .text          0x0000000008000254       0x48 /usr/lib/gcc/arm-none-eabi/12.2.1/../../../arm-none-eabi/lib/thumb/v7e-m/nofp/libg.a(lib_a-init.o)
                0x0000000008000254                __libc_init_array
 .text          0x000000000800029c       0x68 /usr/lib/gcc/arm-none-eabi/12.2.1/../../../arm-none-eabi/lib/thumb/v7e-m/nofp/libg.a(lib_a-__atexit.o)
                0x000000000800029c                __register_exitproc
 *(.text*)
 .text.main     0x0000000008000304        0x2 CMakeFiles/base-project.elf.dir/src/main.c.obj
                0x0000000008000304                main
 .text.SystemInit
                0x0000000008000306        0x2 CMakeFiles/base-project.elf.dir/src/system_config.c.obj
                0x0000000008000306                SystemInit
 .text.Reset_Handler
                0x0000000008000308       0x50 CMakeFiles/base-project.elf.dir/vendor/startup/startup_stm32f303retx.s.obj
                0x0000000008000308                Reset_Handler
 .text.Default_Handler
                0x0000000008000358        0x2 CMakeFiles/base-project.elf.dir/vendor/startup/startup_stm32f303retx.s.obj
                0x0000000008000358                RTC_Alarm_IRQHandler
                0x0000000008000358                TIM8_TRG_COM_IRQHandler
                0x0000000008000358                TIM8_CC_IRQHandler
                0x0000000008000358                DebugMon_Handler
                0x0000000008000358                SPI4_IRQHandler
                0x0000000008000358                TIM1_CC_IRQHandler
                0x0000000008000358                HardFault_Handler
                0x0000000008000358                USB_HP_IRQHandler
                0x0000000008000358                SysTick_Handler
                0x0000000008000358                PVD_IRQHandler
                0x0000000008000358                TAMP_STAMP_IRQHandler
                0x0000000008000358                PendSV_Handler
                0x0000000008000358                NMI_Handler
                0x0000000008000358                EXTI3_IRQHandler
                0x0000000008000358                I2C3_ER_IRQHandler
                0x0000000008000358                USB_HP_CAN_TX_IRQHandler
                0x0000000008000358                EXTI0_IRQHandler
                0x0000000008000358                I2C2_EV_IRQHandler
                0x0000000008000358                FPU_IRQHandler
                0x0000000008000358                TIM1_UP_TIM16_IRQHandler
                0x0000000008000358                UsageFault_Handler
                0x0000000008000358                ADC1_2_IRQHandler
                0x0000000008000358                SPI1_IRQHandler
                0x0000000008000358                CAN_SCE_IRQHandler
                0x0000000008000358                TIM6_DAC_IRQHandler
                0x0000000008000358                TIM8_UP_IRQHandler
                0x0000000008000358                DMA2_Channel2_IRQHandler
                0x0000000008000358                DMA1_Channel4_IRQHandler
                0x0000000008000358                TIM20_TRG_COM_IRQHandler
                0x0000000008000358                USART3_IRQHandler
                0x0000000008000358                DMA1_Channel7_IRQHandler
                0x0000000008000358                UART5_IRQHandler
                0x0000000008000358                ADC3_IRQHandler
                0x0000000008000358                TIM4_IRQHandler
                0x0000000008000358                CAN_RX1_IRQHandler
                0x0000000008000358                DMA2_Channel1_IRQHandler
                0x0000000008000358                I2C1_EV_IRQHandler
                0x0000000008000358                DMA1_Channel6_IRQHandler
                0x0000000008000358                UART4_IRQHandler
                0x0000000008000358                DMA2_Channel4_IRQHandler
                0x0000000008000358                TIM3_IRQHandler
                0x0000000008000358                RCC_IRQHandler
                0x0000000008000358                TIM20_UP_IRQHandler
                0x0000000008000358                DMA1_Channel1_IRQHandler
                0x0000000008000358                Default_Handler
                0x0000000008000358                USBWakeUp_RMP_IRQHandler
                0x0000000008000358                EXTI15_10_IRQHandler
                0x0000000008000358                TIM7_IRQHandler
                0x0000000008000358                I2C3_EV_IRQHandler
                0x0000000008000358                EXTI9_5_IRQHandler
                0x0000000008000358                RTC_WKUP_IRQHandler
                0x0000000008000358                SPI2_IRQHandler
                0x0000000008000358                USB_LP_CAN_RX0_IRQHandler
                0x0000000008000358                MemManage_Handler
                0x0000000008000358                SVC_Handler
                0x0000000008000358                DMA2_Channel5_IRQHandler
                0x0000000008000358                DMA1_Channel5_IRQHandler
                0x0000000008000358                USB_LP_IRQHandler
                0x0000000008000358                EXTI4_IRQHandler
                0x0000000008000358                TIM1_TRG_COM_TIM17_IRQHandler
                0x0000000008000358                DMA1_Channel3_IRQHandler
                0x0000000008000358                ADC4_IRQHandler
                0x0000000008000358                WWDG_IRQHandler
                0x0000000008000358                TIM2_IRQHandler
                0x0000000008000358                COMP7_IRQHandler
                0x0000000008000358                COMP1_2_3_IRQHandler
                0x0000000008000358                EXTI1_IRQHandler
                0x0000000008000358                USART2_IRQHandler
                0x0000000008000358                COMP4_5_6_IRQHandler
                0x0000000008000358                TIM20_BRK_IRQHandler
                0x0000000008000358                I2C2_ER_IRQHandler
                0x0000000008000358                DMA1_Channel2_IRQHandler
                0x0000000008000358                TIM8_BRK_IRQHandler
                0x0000000008000358                FLASH_IRQHandler
                0x0000000008000358                TIM20_CC_IRQHandler
                0x0000000008000358                BusFault_Handler
                0x0000000008000358                USART1_IRQHandler
                0x0000000008000358                SPI3_IRQHandler
                0x0000000008000358                I2C1_ER_IRQHandler
                0x0000000008000358                FMC_IRQHandler
                0x0000000008000358                USBWakeUp_IRQHandler
                0x0000000008000358                DMA2_Channel3_IRQHandler
                0x0000000008000358                EXTI2_TSC_IRQHandler
                0x0000000008000358                TIM1_BRK_TIM15_IRQHandler
 *fill*         0x000000000800035a        0x2 
 .text.startup  0x000000000800035c       0x14 /usr/lib/gcc/arm-none-eabi/12.2.1/../../../arm-none-eabi/lib/thumb/v7e-m/nofp/libg.a(lib_a-__call_atexit.o)
 *(.glue_7)
 .glue_7        0x0000000008000370        0x0 linker stubs
 *(.glue_7t)
 .glue_7t       0x0000000008000370        0x0 linker stubs
 *(.eh_frame)
 .eh_frame      0x0000000008000370        0x0 /usr/lib/gcc/arm-none-eabi/12.2.1/thumb/v7e-m/nofp/crtbegin.o
 *(.init)
 .init          0x0000000008000370        0x4 /usr/lib/gcc/arm-none-eabi/12.2.1/thumb/v7e-m/nofp/crti.o
                0x0000000008000370                _init
 .init          0x0000000008000374        0x8 /usr/lib/gcc/arm-none-eabi/12.2.1/thumb/v7e-m/nofp/crtn.o
 *(.fini)
 .fini          0x000000000800037c        0x4 /usr/lib/gcc/arm-none-eabi/12.2.1/thumb/v7e-m/nofp/crti.o
                0x000000000800037c                _fini
 .fini          0x0000000008000380        0x8 /usr/lib/gcc/arm-none-eabi/12.2.1/thumb/v7e-m/nofp/crtn.o
                0x0000000008000388                . = ALIGN (0x4)
                0x0000000008000388                _etext = .

.vfp11_veneer   0x0000000008000388        0x0
 .vfp11_veneer  0x0000000008000388        0x0 linker stubs

.v4_bx          0x0000000008000388        0x0
 .v4_bx         0x0000000008000388        0x0 linker stubs

.iplt           0x0000000008000388        0x0
 .iplt          0x0000000008000388        0x0 /usr/lib/gcc/arm-none-eabi/12.2.1/thumb/v7e-m/nofp/crtbegin.o

.rodata         0x0000000008000388        0x4
                0x0000000008000388                . = ALIGN (0x4)
 *(.rodata)
 .rodata        0x0000000008000388        0x4 /usr/lib/gcc/arm-none-eabi/12.2.1/../../../arm-none-eabi/lib/thumb/v7e-m/nofp/libg.a(lib_a-impure.o)
                0x0000000008000388                _global_impure_ptr
 *(.rodata*)
                0x000000000800038c                . = ALIGN (0x4)

.rel.dyn        0x000000000800038c        0x0
 .rel.iplt      0x000000000800038c        0x0 /usr/lib/gcc/arm-none-eabi/12.2.1/thumb/v7e-m/nofp/crtbegin.o

.ARM.extab      0x000000000800038c        0x0
                0x000000000800038c                . = ALIGN (0x4)
 *(.ARM.extab* .gnu.linkonce.armextab.*)
                0x000000000800038c                . = ALIGN (0x4)

.ARM            0x000000000800038c        0x0
                0x000000000800038c                . = ALIGN (0x4)
                0x000000000800038c                __exidx_start = .
 *(.ARM.exidx*)
                0x000000000800038c                __exidx_end = .
                0x000000000800038c                . = ALIGN (0x4)

.preinit_array  0x000000000800038c        0x0
                0x000000000800038c                . = ALIGN (0x4)
                0x000000000800038c                PROVIDE (__preinit_array_start = .)
 *(.preinit_array*)
                0x000000000800038c                PROVIDE (__preinit_array_end = .)
                0x000000000800038c                . = ALIGN (0x4)

.init_array     0x000000000800038c        0x8
                0x000000000800038c                . = ALIGN (0x4)
                0x000000000800038c                PROVIDE (__init_array_start = .)
 *(SORT_BY_NAME(.init_array.*))
 .init_array.00000
                0x000000000800038c        0x4 /usr/lib/gcc/arm-none-eabi/12.2.1/../../../arm-none-eabi/lib/thumb/v7e-m/nofp/libg.a(lib_a-__call_atexit.o)
 *(.init_array*)
 .init_array    0x0000000008000390        0x4 /usr/lib/gcc/arm-none-eabi/12.2.1/thumb/v7e-m/nofp/crtbegin.o
                0x0000000008000394                PROVIDE (__init_array_end = .)
                0x0000000008000394                . = ALIGN (0x4)

.fini_array     0x0000000008000394        0x4
                0x0000000008000394                . = ALIGN (0x4)
                0x0000000008000394                PROVIDE (__fini_array_start = .)
 *(SORT_BY_NAME(.fini_array.*))
 *(.fini_array*)
 .fini_array    0x0000000008000394        0x4 /usr/lib/gcc/arm-none-eabi/12.2.1/thumb/v7e-m/nofp/crtbegin.o
                0x0000000008000398                PROVIDE (__fini_array_end = .)
                0x0000000008000398                . = ALIGN (0x4)
                0x0000000008000398                _sidata = LOADADDR (.data)

.data           0x0000000020000000      0x430 load address 0x0000000008000398
                0x0000000020000000                . = ALIGN (0x4)
                0x0000000020000000                _sdata = .
 *(.data)
 .data          0x0000000020000000      0x430 /usr/lib/gcc/arm-none-eabi/12.2.1/../../../arm-none-eabi/lib/thumb/v7e-m/nofp/libg.a(lib_a-impure.o)
                0x0000000020000000                _impure_ptr
 *(.data*)
 *(.RamFunc)
 *(.RamFunc*)
                0x0000000020000430                . = ALIGN (0x4)
                0x0000000020000430                _edata = .
                0x00000000080007c8                _siccmram = LOADADDR (.ccmram)

.tm_clone_table
                0x0000000020000430        0x0 load address 0x00000000080007c8
 .tm_clone_table
                0x0000000020000430        0x0 /usr/lib/gcc/arm-none-eabi/12.2.1/thumb/v7e-m/nofp/crtbegin.o
 .tm_clone_table
                0x0000000020000430        0x0 /usr/lib/gcc/arm-none-eabi/12.2.1/thumb/v7e-m/nofp/crtend.o

.igot.plt       0x0000000020000430        0x0 load address 0x00000000080007c8
 .igot.plt      0x0000000020000430        0x0 /usr/lib/gcc/arm-none-eabi/12.2.1/thumb/v7e-m/nofp/crtbegin.o

.ccmram         0x0000000010000000        0x0 load address 0x00000000080007c8
                0x0000000010000000                . = ALIGN (0x4)
                0x0000000010000000                _sccmram = .
 *(.ccmram)
 *(.ccmram*)
                0x0000000010000000                . = ALIGN (0x4)
                0x0000000010000000                _eccmram = .
                0x0000000010000000                . = ALIGN (0x4)

.bss            0x0000000020000430       0x1c
                0x0000000020000430                _sbss = .
                0x0000000020000430                __bss_start__ = _sbss
 *(.bss)
 .bss           0x0000000020000430       0x1c /usr/lib/gcc/arm-none-eabi/12.2.1/thumb/v7e-m/nofp/crtbegin.o
 *(.bss*)
 *(COMMON)
                0x000000002000044c                . = ALIGN (0x4)
                0x000000002000044c                _ebss = .
                0x000000002000044c                __bss_end__ = _ebss

._user_heap_stack
                0x000000002000044c      0x604
                0x0000000020000450                . = ALIGN (0x8)
 *fill*         0x000000002000044c        0x4 
                [!provide]                        PROVIDE (end = .)
                [!provide]                        PROVIDE (_end = .)
                0x0000000020000650                . = (. + _Min_Heap_Size)
 *fill*         0x0000000020000450      0x200 
                0x0000000020000a50                . = (. + _Min_Stack_Size)
 *fill*         0x0000000020000650      0x400 
                0x0000000020000a50                . = ALIGN (0x8)

/DISCARD/
 libc.a(*)
 libm.a(*)
 libgcc.a(*)

.ARM.attributes
                0x0000000000000000       0x2a
 *(.ARM.attributes)
 .ARM.attributes
                0x0000000000000000       0x1e /usr/lib/gcc/arm-none-eabi/12.2.1/thumb/v7e-m/nofp/crti.o
 .ARM.attributes
                0x000000000000001e       0x2e /usr/lib/gcc/arm-none-eabi/12.2.1/thumb/v7e-m/nofp/crtbegin.o
 .ARM.attributes
                0x000000000000004c       0x2e CMakeFiles/base-project.elf.dir/src/main.c.obj
 .ARM.attributes
                0x000000000000007a       0x2e CMakeFiles/base-project.elf.dir/src/system_config.c.obj
 .ARM.attributes
                0x00000000000000a8       0x21 CMakeFiles/base-project.elf.dir/vendor/startup/startup_stm32f303retx.s.obj
 .ARM.attributes
                0x00000000000000c9       0x2e /usr/lib/gcc/arm-none-eabi/12.2.1/../../../arm-none-eabi/lib/thumb/v7e-m/nofp/libg.a(lib_a-atexit.o)
 .ARM.attributes
                0x00000000000000f7       0x2e /usr/lib/gcc/arm-none-eabi/12.2.1/../../../arm-none-eabi/lib/thumb/v7e-m/nofp/libg.a(lib_a-fini.o)
 .ARM.attributes
                0x0000000000000125       0x2e /usr/lib/gcc/arm-none-eabi/12.2.1/../../../arm-none-eabi/lib/thumb/v7e-m/nofp/libg.a(lib_a-impure.o)
 .ARM.attributes
                0x0000000000000153       0x2e /usr/lib/gcc/arm-none-eabi/12.2.1/../../../arm-none-eabi/lib/thumb/v7e-m/nofp/libg.a(lib_a-init.o)
 .ARM.attributes
                0x0000000000000181       0x2e /usr/lib/gcc/arm-none-eabi/12.2.1/../../../arm-none-eabi/lib/thumb/v7e-m/nofp/libg.a(lib_a-__atexit.o)
 .ARM.attributes
                0x00000000000001af       0x2e /usr/lib/gcc/arm-none-eabi/12.2.1/../../../arm-none-eabi/lib/thumb/v7e-m/nofp/libg.a(lib_a-__call_atexit.o)
 .ARM.attributes
                0x00000000000001dd       0x2e /usr/lib/gcc/arm-none-eabi/12.2.1/thumb/v7e-m/nofp/crtend.o
 .ARM.attributes
                0x000000000000020b       0x1e /usr/lib/gcc/arm-none-eabi/12.2.1/thumb/v7e-m/nofp/crtn.o
OUTPUT(base-project.elf elf32-littlearm)
LOAD linker stubs
LOAD /usr/lib/gcc/arm-none-eabi/12.2.1/../../../arm-none-eabi/lib/thumb/v7e-m/nofp/libc.a
LOAD /usr/lib/gcc/arm-none-eabi/12.2.1/../../../arm-none-eabi/lib/thumb/v7e-m/nofp/libm.a
LOAD /usr/lib/gcc/arm-none-eabi/12.2.1/thumb/v7e-m/nofp/libgcc.a

.comment        0x0000000000000000       0x59
 .comment       0x0000000000000000       0x26 /usr/lib/gcc/arm-none-eabi/12.2.1/thumb/v7e-m/nofp/crtbegin.o
                                         0x27 (size before relaxing)
 .comment       0x0000000000000026       0x27 CMakeFiles/base-project.elf.dir/src/main.c.obj
 .comment       0x0000000000000026       0x27 CMakeFiles/base-project.elf.dir/src/system_config.c.obj
 .comment       0x0000000000000026       0x33 /usr/lib/gcc/arm-none-eabi/12.2.1/../../../arm-none-eabi/lib/thumb/v7e-m/nofp/libg.a(lib_a-atexit.o)
                                         0x34 (size before relaxing)
 .comment       0x0000000000000059       0x34 /usr/lib/gcc/arm-none-eabi/12.2.1/../../../arm-none-eabi/lib/thumb/v7e-m/nofp/libg.a(lib_a-fini.o)
 .comment       0x0000000000000059       0x34 /usr/lib/gcc/arm-none-eabi/12.2.1/../../../arm-none-eabi/lib/thumb/v7e-m/nofp/libg.a(lib_a-impure.o)
 .comment       0x0000000000000059       0x34 /usr/lib/gcc/arm-none-eabi/12.2.1/../../../arm-none-eabi/lib/thumb/v7e-m/nofp/libg.a(lib_a-init.o)
 .comment       0x0000000000000059       0x34 /usr/lib/gcc/arm-none-eabi/12.2.1/../../../arm-none-eabi/lib/thumb/v7e-m/nofp/libg.a(lib_a-__atexit.o)
 .comment       0x0000000000000059       0x34 /usr/lib/gcc/arm-none-eabi/12.2.1/../../../arm-none-eabi/lib/thumb/v7e-m/nofp/libg.a(lib_a-__call_atexit.o)
 .comment       0x0000000000000059       0x27 /usr/lib/gcc/arm-none-eabi/12.2.1/thumb/v7e-m/nofp/crtend.o

.debug_info     0x0000000000000000     0x20de
 .debug_info    0x0000000000000000       0x44 CMakeFiles/base-project.elf.dir/src/main.c.obj
 .debug_info    0x0000000000000044       0x39 CMakeFiles/base-project.elf.dir/src/system_config.c.obj
 .debug_info    0x000000000000007d       0x2e CMakeFiles/base-project.elf.dir/vendor/startup/startup_stm32f303retx.s.obj
 .debug_info    0x00000000000000ab      0x100 /usr/lib/gcc/arm-none-eabi/12.2.1/../../../arm-none-eabi/lib/thumb/v7e-m/nofp/libg.a(lib_a-atexit.o)
 .debug_info    0x00000000000001ab      0x102 /usr/lib/gcc/arm-none-eabi/12.2.1/../../../arm-none-eabi/lib/thumb/v7e-m/nofp/libg.a(lib_a-fini.o)
 .debug_info    0x00000000000002ad      0x92a /usr/lib/gcc/arm-none-eabi/12.2.1/../../../arm-none-eabi/lib/thumb/v7e-m/nofp/libg.a(lib_a-impure.o)
 .debug_info    0x0000000000000bd7      0x11a /usr/lib/gcc/arm-none-eabi/12.2.1/../../../arm-none-eabi/lib/thumb/v7e-m/nofp/libg.a(lib_a-init.o)
 .debug_info    0x0000000000000cf1      0x9b0 /usr/lib/gcc/arm-none-eabi/12.2.1/../../../arm-none-eabi/lib/thumb/v7e-m/nofp/libg.a(lib_a-__atexit.o)
 .debug_info    0x00000000000016a1      0xa3d /usr/lib/gcc/arm-none-eabi/12.2.1/../../../arm-none-eabi/lib/thumb/v7e-m/nofp/libg.a(lib_a-__call_atexit.o)

.debug_abbrev   0x0000000000000000      0x97f
 .debug_abbrev  0x0000000000000000       0x3a CMakeFiles/base-project.elf.dir/src/main.c.obj
 .debug_abbrev  0x000000000000003a       0x2d CMakeFiles/base-project.elf.dir/src/system_config.c.obj
 .debug_abbrev  0x0000000000000067       0x1d CMakeFiles/base-project.elf.dir/vendor/startup/startup_stm32f303retx.s.obj
 .debug_abbrev  0x0000000000000084       0xb7 /usr/lib/gcc/arm-none-eabi/12.2.1/../../../arm-none-eabi/lib/thumb/v7e-m/nofp/libg.a(lib_a-atexit.o)
 .debug_abbrev  0x000000000000013b       0xcf /usr/lib/gcc/arm-none-eabi/12.2.1/../../../arm-none-eabi/lib/thumb/v7e-m/nofp/libg.a(lib_a-fini.o)
 .debug_abbrev  0x000000000000020a      0x1b8 /usr/lib/gcc/arm-none-eabi/12.2.1/../../../arm-none-eabi/lib/thumb/v7e-m/nofp/libg.a(lib_a-impure.o)
 .debug_abbrev  0x00000000000003c2       0xcc /usr/lib/gcc/arm-none-eabi/12.2.1/../../../arm-none-eabi/lib/thumb/v7e-m/nofp/libg.a(lib_a-init.o)
 .debug_abbrev  0x000000000000048e      0x23f /usr/lib/gcc/arm-none-eabi/12.2.1/../../../arm-none-eabi/lib/thumb/v7e-m/nofp/libg.a(lib_a-__atexit.o)
 .debug_abbrev  0x00000000000006cd      0x2b2 /usr/lib/gcc/arm-none-eabi/12.2.1/../../../arm-none-eabi/lib/thumb/v7e-m/nofp/libg.a(lib_a-__call_atexit.o)

.debug_aranges  0x0000000000000000      0x128
 .debug_aranges
                0x0000000000000000       0x20 CMakeFiles/base-project.elf.dir/src/main.c.obj
 .debug_aranges
                0x0000000000000020       0x20 CMakeFiles/base-project.elf.dir/src/system_config.c.obj
 .debug_aranges
                0x0000000000000040       0x28 CMakeFiles/base-project.elf.dir/vendor/startup/startup_stm32f303retx.s.obj
 .debug_aranges
                0x0000000000000068       0x20 /usr/lib/gcc/arm-none-eabi/12.2.1/../../../arm-none-eabi/lib/thumb/v7e-m/nofp/libg.a(lib_a-atexit.o)
 .debug_aranges
                0x0000000000000088       0x20 /usr/lib/gcc/arm-none-eabi/12.2.1/../../../arm-none-eabi/lib/thumb/v7e-m/nofp/libg.a(lib_a-fini.o)
 .debug_aranges
                0x00000000000000a8       0x18 /usr/lib/gcc/arm-none-eabi/12.2.1/../../../arm-none-eabi/lib/thumb/v7e-m/nofp/libg.a(lib_a-impure.o)
 .debug_aranges
                0x00000000000000c0       0x20 /usr/lib/gcc/arm-none-eabi/12.2.1/../../../arm-none-eabi/lib/thumb/v7e-m/nofp/libg.a(lib_a-init.o)
 .debug_aranges
                0x00000000000000e0       0x20 /usr/lib/gcc/arm-none-eabi/12.2.1/../../../arm-none-eabi/lib/thumb/v7e-m/nofp/libg.a(lib_a-__atexit.o)
 .debug_aranges
                0x0000000000000100       0x28 /usr/lib/gcc/arm-none-eabi/12.2.1/../../../arm-none-eabi/lib/thumb/v7e-m/nofp/libg.a(lib_a-__call_atexit.o)

.debug_rnglists
                0x0000000000000000       0x3f
 .debug_rnglists
                0x0000000000000000       0x13 CMakeFiles/base-project.elf.dir/src/main.c.obj
 .debug_rnglists
                0x0000000000000013       0x13 CMakeFiles/base-project.elf.dir/src/system_config.c.obj
 .debug_rnglists
                0x0000000000000026       0x19 CMakeFiles/base-project.elf.dir/vendor/startup/startup_stm32f303retx.s.obj

.debug_line     0x0000000000000000      0x966
 .debug_line    0x0000000000000000       0x7b CMakeFiles/base-project.elf.dir/src/main.c.obj
 .debug_line    0x000000000000007b       0x76 CMakeFiles/base-project.elf.dir/src/system_config.c.obj
 .debug_line    0x00000000000000f1       0x7a CMakeFiles/base-project.elf.dir/vendor/startup/startup_stm32f303retx.s.obj
 .debug_line    0x000000000000016b       0xc0 /usr/lib/gcc/arm-none-eabi/12.2.1/../../../arm-none-eabi/lib/thumb/v7e-m/nofp/libg.a(lib_a-atexit.o)
 .debug_line    0x000000000000022b       0xed /usr/lib/gcc/arm-none-eabi/12.2.1/../../../arm-none-eabi/lib/thumb/v7e-m/nofp/libg.a(lib_a-fini.o)
 .debug_line    0x0000000000000318       0xe4 /usr/lib/gcc/arm-none-eabi/12.2.1/../../../arm-none-eabi/lib/thumb/v7e-m/nofp/libg.a(lib_a-impure.o)
 .debug_line    0x00000000000003fc      0x138 /usr/lib/gcc/arm-none-eabi/12.2.1/../../../arm-none-eabi/lib/thumb/v7e-m/nofp/libg.a(lib_a-init.o)
 .debug_line    0x0000000000000534      0x19e /usr/lib/gcc/arm-none-eabi/12.2.1/../../../arm-none-eabi/lib/thumb/v7e-m/nofp/libg.a(lib_a-__atexit.o)
 .debug_line    0x00000000000006d2      0x294 /usr/lib/gcc/arm-none-eabi/12.2.1/../../../arm-none-eabi/lib/thumb/v7e-m/nofp/libg.a(lib_a-__call_atexit.o)

.debug_str      0x0000000000000000      0xa0b
 .debug_str     0x0000000000000000      0x139 CMakeFiles/base-project.elf.dir/src/main.c.obj
 .debug_str     0x0000000000000139       0x4d CMakeFiles/base-project.elf.dir/src/system_config.c.obj
                                        0x148 (size before relaxing)
 .debug_str     0x0000000000000186       0x6f CMakeFiles/base-project.elf.dir/vendor/startup/startup_stm32f303retx.s.obj
                                         0xaf (size before relaxing)
 .debug_str     0x00000000000001f5      0x19e /usr/lib/gcc/arm-none-eabi/12.2.1/../../../arm-none-eabi/lib/thumb/v7e-m/nofp/libg.a(lib_a-atexit.o)
                                        0x1de (size before relaxing)
 .debug_str     0x0000000000000393       0xc5 /usr/lib/gcc/arm-none-eabi/12.2.1/../../../arm-none-eabi/lib/thumb/v7e-m/nofp/libg.a(lib_a-fini.o)
                                        0x1d6 (size before relaxing)
 .debug_str     0x0000000000000458      0x450 /usr/lib/gcc/arm-none-eabi/12.2.1/../../../arm-none-eabi/lib/thumb/v7e-m/nofp/libg.a(lib_a-impure.o)
                                        0x57c (size before relaxing)
 .debug_str     0x00000000000008a8       0x96 /usr/lib/gcc/arm-none-eabi/12.2.1/../../../arm-none-eabi/lib/thumb/v7e-m/nofp/libg.a(lib_a-init.o)
                                        0x200 (size before relaxing)
 .debug_str     0x000000000000093e       0x3b /usr/lib/gcc/arm-none-eabi/12.2.1/../../../arm-none-eabi/lib/thumb/v7e-m/nofp/libg.a(lib_a-__atexit.o)
                                        0x5b6 (size before relaxing)
 .debug_str     0x0000000000000979       0x92 /usr/lib/gcc/arm-none-eabi/12.2.1/../../../arm-none-eabi/lib/thumb/v7e-m/nofp/libg.a(lib_a-__call_atexit.o)
                                        0x5e2 (size before relaxing)

.debug_frame    0x0000000000000000      0x144
 .debug_frame   0x0000000000000000       0x20 CMakeFiles/base-project.elf.dir/src/main.c.obj
 .debug_frame   0x0000000000000020       0x20 CMakeFiles/base-project.elf.dir/src/system_config.c.obj
 .debug_frame   0x0000000000000040       0x20 /usr/lib/gcc/arm-none-eabi/12.2.1/../../../arm-none-eabi/lib/thumb/v7e-m/nofp/libg.a(lib_a-atexit.o)
 .debug_frame   0x0000000000000060       0x34 /usr/lib/gcc/arm-none-eabi/12.2.1/../../../arm-none-eabi/lib/thumb/v7e-m/nofp/libg.a(lib_a-fini.o)
 .debug_frame   0x0000000000000094       0x2c /usr/lib/gcc/arm-none-eabi/12.2.1/../../../arm-none-eabi/lib/thumb/v7e-m/nofp/libg.a(lib_a-init.o)
 .debug_frame   0x00000000000000c0       0x34 /usr/lib/gcc/arm-none-eabi/12.2.1/../../../arm-none-eabi/lib/thumb/v7e-m/nofp/libg.a(lib_a-__atexit.o)
 .debug_frame   0x00000000000000f4       0x50 /usr/lib/gcc/arm-none-eabi/12.2.1/../../../arm-none-eabi/lib/thumb/v7e-m/nofp/libg.a(lib_a-__call_atexit.o)

.debug_line_str
                0x0000000000000000       0x95
 .debug_line_str
                0x0000000000000000       0x95 CMakeFiles/base-project.elf.dir/vendor/startup/startup_stm32f303retx.s.obj

.debug_loc      0x0000000000000000      0x43a
 .debug_loc     0x0000000000000000       0x32 /usr/lib/gcc/arm-none-eabi/12.2.1/../../../arm-none-eabi/lib/thumb/v7e-m/nofp/libg.a(lib_a-atexit.o)
 .debug_loc     0x0000000000000032       0x68 /usr/lib/gcc/arm-none-eabi/12.2.1/../../../arm-none-eabi/lib/thumb/v7e-m/nofp/libg.a(lib_a-fini.o)
 .debug_loc     0x000000000000009a       0xba /usr/lib/gcc/arm-none-eabi/12.2.1/../../../arm-none-eabi/lib/thumb/v7e-m/nofp/libg.a(lib_a-init.o)
 .debug_loc     0x0000000000000154      0x138 /usr/lib/gcc/arm-none-eabi/12.2.1/../../../arm-none-eabi/lib/thumb/v7e-m/nofp/libg.a(lib_a-__atexit.o)
 .debug_loc     0x000000000000028c      0x1ae /usr/lib/gcc/arm-none-eabi/12.2.1/../../../arm-none-eabi/lib/thumb/v7e-m/nofp/libg.a(lib_a-__call_atexit.o)

.debug_ranges   0x0000000000000000       0x50
 .debug_ranges  0x0000000000000000       0x50 /usr/lib/gcc/arm-none-eabi/12.2.1/../../../arm-none-eabi/lib/thumb/v7e-m/nofp/libg.a(lib_a-__call_atexit.o)
